10:02:24 **** Build of project TestAPP ****
make -k all 
"Running Make include in ps7_cortexa9_0/libsrc/cpu_cortexa9_v2_1/src"
make -C ps7_cortexa9_0/libsrc/cpu_cortexa9_v2_1/src -s include  "SHELL=CMD" "COMPILER=arm-xilinx-eabi-gcc" "ARCHIVER=arm-xilinx-eabi-ar" "COMPILER_FLAGS=  -O2 -c" "EXTRA_COMPILER_FLAGS=-g"
"Running Make include in ps7_cortexa9_0/libsrc/devcfg_v3_2/src"
make -C ps7_cortexa9_0/libsrc/devcfg_v3_2/src -s include  "SHELL=CMD" "COMPILER=arm-xilinx-eabi-gcc" "ARCHIVER=arm-xilinx-eabi-ar" "COMPILER_FLAGS=  -O2 -c" "EXTRA_COMPILER_FLAGS=-g"
"Running Make include in ps7_cortexa9_0/libsrc/dmaps_v2_1/src"
make -C ps7_cortexa9_0/libsrc/dmaps_v2_1/src -s include  "SHELL=CMD" "COMPILER=arm-xilinx-eabi-gcc" "ARCHIVER=arm-xilinx-eabi-ar" "COMPILER_FLAGS=  -O2 -c" "EXTRA_COMPILER_FLAGS=-g"
"Running Make include in ps7_cortexa9_0/libsrc/gpio_v4_0/src"
make -C ps7_cortexa9_0/libsrc/gpio_v4_0/src -s include  "SHELL=CMD" "COMPILER=arm-xilinx-eabi-gcc" "ARCHIVER=arm-xilinx-eabi-ar" "COMPILER_FLAGS=  -O2 -c" "EXTRA_COMPILER_FLAGS=-g"
"Running Make include in ps7_cortexa9_0/libsrc/scugic_v2_1/src"
make -C ps7_cortexa9_0/libsrc/scugic_v2_1/src -s include  "SHELL=CMD" "COMPILER=arm-xilinx-eabi-gcc" "ARCHIVER=arm-xilinx-eabi-ar" "COMPILER_FLAGS=  -O2 -c" "EXTRA_COMPILER_FLAGS=-g"
"Running Make include in ps7_cortexa9_0/libsrc/scutimer_v2_0/src"
make -C ps7_cortexa9_0/libsrc/scutimer_v2_0/src -s include  "SHELL=CMD" "COMPILER=arm-xilinx-eabi-gcc" "ARCHIVER=arm-xilinx-eabi-ar" "COMPILER_FLAGS=  -O2 -c" "EXTRA_COMPILER_FLAGS=-g"
"Running Make include in ps7_cortexa9_0/libsrc/scuwdt_v2_0/src"
make -C ps7_cortexa9_0/libsrc/scuwdt_v2_0/src -s include  "SHELL=CMD" "COMPILER=arm-xilinx-eabi-gcc" "ARCHIVER=arm-xilinx-eabi-ar" "COMPILER_FLAGS=  -O2 -c" "EXTRA_COMPILER_FLAGS=-g"
"Running Make include in ps7_cortexa9_0/libsrc/standalone_v4_2/src"
make -C ps7_cortexa9_0/libsrc/standalone_v4_2/src -s include  "SHELL=CMD" "COMPILER=arm-xilinx-eabi-gcc" "ARCHIVER=arm-xilinx-eabi-ar" "COMPILER_FLAGS=  -O2 -c" "EXTRA_COMPILER_FLAGS=-g"
"Running Make include in ps7_cortexa9_0/libsrc/uartps_v2_2/src"
make -C ps7_cortexa9_0/libsrc/uartps_v2_2/src -s include  "SHELL=CMD" "COMPILER=arm-xilinx-eabi-gcc" "ARCHIVER=arm-xilinx-eabi-ar" "COMPILER_FLAGS=  -O2 -c" "EXTRA_COMPILER_FLAGS=-g"
"Running Make include in ps7_cortexa9_0/libsrc/xadcps_v2_1/src"
make -C ps7_cortexa9_0/libsrc/xadcps_v2_1/src -s include  "SHELL=CMD" "COMPILER=arm-xilinx-eabi-gcc" "ARCHIVER=arm-xilinx-eabi-ar" "COMPILER_FLAGS=  -O2 -c" "EXTRA_COMPILER_FLAGS=-g"
"Running Make libs in ps7_cortexa9_0/libsrc/cpu_cortexa9_v2_1/src"
make -C ps7_cortexa9_0/libsrc/cpu_cortexa9_v2_1/src -s libs  "SHELL=CMD" "COMPILER=arm-xilinx-eabi-gcc" "ARCHIVER=arm-xilinx-eabi-ar" "COMPILER_FLAGS=  -O2 -c" "EXTRA_COMPILER_FLAGS=-g"
"Compiling cpu_cortexa9"
"Running Make libs in ps7_cortexa9_0/libsrc/devcfg_v3_2/src"
make -C ps7_cortexa9_0/libsrc/devcfg_v3_2/src -s libs  "SHELL=CMD" "COMPILER=arm-xilinx-eabi-gcc" "ARCHIVER=arm-xilinx-eabi-ar" "COMPILER_FLAGS=  -O2 -c" "EXTRA_COMPILER_FLAGS=-g"
"Compiling devcfg"
arm-xilinx-eabi-ar: creating ../../../lib/libxil.a
"Running Make libs in ps7_cortexa9_0/libsrc/dmaps_v2_1/src"
make -C ps7_cortexa9_0/libsrc/dmaps_v2_1/src -s libs  "SHELL=CMD" "COMPILER=arm-xilinx-eabi-gcc" "ARCHIVER=arm-xilinx-eabi-ar" "COMPILER_FLAGS=  -O2 -c" "EXTRA_COMPILER_FLAGS=-g"
"Compiling dmaps"
"Running Make libs in ps7_cortexa9_0/libsrc/gpio_v4_0/src"
make -C ps7_cortexa9_0/libsrc/gpio_v4_0/src -s libs  "SHELL=CMD" "COMPILER=arm-xilinx-eabi-gcc" "ARCHIVER=arm-xilinx-eabi-ar" "COMPILER_FLAGS=  -O2 -c" "EXTRA_COMPILER_FLAGS=-g"
"Compiling gpio"
"Running Make libs in ps7_cortexa9_0/libsrc/scugic_v2_1/src"
make -C ps7_cortexa9_0/libsrc/scugic_v2_1/src -s libs  "SHELL=CMD" "COMPILER=arm-xilinx-eabi-gcc" "ARCHIVER=arm-xilinx-eabi-ar" "COMPILER_FLAGS=  -O2 -c" "EXTRA_COMPILER_FLAGS=-g"
"Compiling scugic"
"Running Make libs in ps7_cortexa9_0/libsrc/scutimer_v2_0/src"
make -C ps7_cortexa9_0/libsrc/scutimer_v2_0/src -s libs  "SHELL=CMD" "COMPILER=arm-xilinx-eabi-gcc" "ARCHIVER=arm-xilinx-eabi-ar" "COMPILER_FLAGS=  -O2 -c" "EXTRA_COMPILER_FLAGS=-g"
"Compiling scutimer"
"Running Make libs in ps7_cortexa9_0/libsrc/scuwdt_v2_0/src"
make -C ps7_cortexa9_0/libsrc/scuwdt_v2_0/src -s libs  "SHELL=CMD" "COMPILER=arm-xilinx-eabi-gcc" "ARCHIVER=arm-xilinx-eabi-ar" "COMPILER_FLAGS=  -O2 -c" "EXTRA_COMPILER_FLAGS=-g"
"Compiling scuwdt"
"Running Make libs in ps7_cortexa9_0/libsrc/standalone_v4_2/src"
make -C ps7_cortexa9_0/libsrc/standalone_v4_2/src -s libs  "SHELL=CMD" "COMPILER=arm-xilinx-eabi-gcc" "ARCHIVER=arm-xilinx-eabi-ar" "COMPILER_FLAGS=  -O2 -c" "EXTRA_COMPILER_FLAGS=-g"
"Compiling standalone"
"Running Make libs in ps7_cortexa9_0/libsrc/uartps_v2_2/src"
make -C ps7_cortexa9_0/libsrc/uartps_v2_2/src -s libs  "SHELL=CMD" "COMPILER=arm-xilinx-eabi-gcc" "ARCHIVER=arm-xilinx-eabi-ar" "COMPILER_FLAGS=  -O2 -c" "EXTRA_COMPILER_FLAGS=-g"
"Compiling uartps"
"Running Make libs in ps7_cortexa9_0/libsrc/xadcps_v2_1/src"
make -C ps7_cortexa9_0/libsrc/xadcps_v2_1/src -s libs  "SHELL=CMD" "COMPILER=arm-xilinx-eabi-gcc" "ARCHIVER=arm-xilinx-eabi-ar" "COMPILER_FLAGS=  -O2 -c" "EXTRA_COMPILER_FLAGS=-g"
"Compiling xadcps"
'Finished building libraries'
10:06:49 **** Build of project standalone_bsp_0 ****
make -k all 
"Running Make include in ps7_cortexa9_0/libsrc/cpu_cortexa9_v2_1/src"
make -C ps7_cortexa9_0/libsrc/cpu_cortexa9_v2_1/src -s include  "SHELL=CMD" "COMPILER=arm-xilinx-eabi-gcc" "ARCHIVER=arm-xilinx-eabi-ar" "COMPILER_FLAGS=  -O2 -c" "EXTRA_COMPILER_FLAGS=-g"
"Running Make include in ps7_cortexa9_0/libsrc/devcfg_v3_2/src"
make -C ps7_cortexa9_0/libsrc/devcfg_v3_2/src -s include  "SHELL=CMD" "COMPILER=arm-xilinx-eabi-gcc" "ARCHIVER=arm-xilinx-eabi-ar" "COMPILER_FLAGS=  -O2 -c" "EXTRA_COMPILER_FLAGS=-g"
"Running Make include in ps7_cortexa9_0/libsrc/dmaps_v2_1/src"
make -C ps7_cortexa9_0/libsrc/dmaps_v2_1/src -s include  "SHELL=CMD" "COMPILER=arm-xilinx-eabi-gcc" "ARCHIVER=arm-xilinx-eabi-ar" "COMPILER_FLAGS=  -O2 -c" "EXTRA_COMPILER_FLAGS=-g"
"Running Make include in ps7_cortexa9_0/libsrc/gpio_v4_0/src"
make -C ps7_cortexa9_0/libsrc/gpio_v4_0/src -s include  "SHELL=CMD" "COMPILER=arm-xilinx-eabi-gcc" "ARCHIVER=arm-xilinx-eabi-ar" "COMPILER_FLAGS=  -O2 -c" "EXTRA_COMPILER_FLAGS=-g"
"Running Make include in ps7_cortexa9_0/libsrc/scugic_v2_1/src"
make -C ps7_cortexa9_0/libsrc/scugic_v2_1/src -s include  "SHELL=CMD" "COMPILER=arm-xilinx-eabi-gcc" "ARCHIVER=arm-xilinx-eabi-ar" "COMPILER_FLAGS=  -O2 -c" "EXTRA_COMPILER_FLAGS=-g"
"Running Make include in ps7_cortexa9_0/libsrc/scutimer_v2_0/src"
make -C ps7_cortexa9_0/libsrc/scutimer_v2_0/src -s include  "SHELL=CMD" "COMPILER=arm-xilinx-eabi-gcc" "ARCHIVER=arm-xilinx-eabi-ar" "COMPILER_FLAGS=  -O2 -c" "EXTRA_COMPILER_FLAGS=-g"
"Running Make include in ps7_cortexa9_0/libsrc/scuwdt_v2_0/src"
make -C ps7_cortexa9_0/libsrc/scuwdt_v2_0/src -s include  "SHELL=CMD" "COMPILER=arm-xilinx-eabi-gcc" "ARCHIVER=arm-xilinx-eabi-ar" "COMPILER_FLAGS=  -O2 -c" "EXTRA_COMPILER_FLAGS=-g"
"Running Make include in ps7_cortexa9_0/libsrc/standalone_v4_2/src"
make -C ps7_cortexa9_0/libsrc/standalone_v4_2/src -s include  "SHELL=CMD" "COMPILER=arm-xilinx-eabi-gcc" "ARCHIVER=arm-xilinx-eabi-ar" "COMPILER_FLAGS=  -O2 -c" "EXTRA_COMPILER_FLAGS=-g"
"Running Make include in ps7_cortexa9_0/libsrc/uartps_v2_2/src"
make -C ps7_cortexa9_0/libsrc/uartps_v2_2/src -s include  "SHELL=CMD" "COMPILER=arm-xilinx-eabi-gcc" "ARCHIVER=arm-xilinx-eabi-ar" "COMPILER_FLAGS=  -O2 -c" "EXTRA_COMPILER_FLAGS=-g"
"Running Make include in ps7_cortexa9_0/libsrc/xadcps_v2_1/src"
make -C ps7_cortexa9_0/libsrc/xadcps_v2_1/src -s include  "SHELL=CMD" "COMPILER=arm-xilinx-eabi-gcc" "ARCHIVER=arm-xilinx-eabi-ar" "COMPILER_FLAGS=  -O2 -c" "EXTRA_COMPILER_FLAGS=-g"
"Running Make libs in ps7_cortexa9_0/libsrc/cpu_cortexa9_v2_1/src"
make -C ps7_cortexa9_0/libsrc/cpu_cortexa9_v2_1/src -s libs  "SHELL=CMD" "COMPILER=arm-xilinx-eabi-gcc" "ARCHIVER=arm-xilinx-eabi-ar" "COMPILER_FLAGS=  -O2 -c" "EXTRA_COMPILER_FLAGS=-g"
"Compiling cpu_cortexa9"
"Running Make libs in ps7_cortexa9_0/libsrc/devcfg_v3_2/src"
make -C ps7_cortexa9_0/libsrc/devcfg_v3_2/src -s libs  "SHELL=CMD" "COMPILER=arm-xilinx-eabi-gcc" "ARCHIVER=arm-xilinx-eabi-ar" "COMPILER_FLAGS=  -O2 -c" "EXTRA_COMPILER_FLAGS=-g"
"Compiling devcfg"
arm-xilinx-eabi-ar: creating ../../../lib/libxil.a
"Running Make libs in ps7_cortexa9_0/libsrc/dmaps_v2_1/src"
make -C ps7_cortexa9_0/libsrc/dmaps_v2_1/src -s libs  "SHELL=CMD" "COMPILER=arm-xilinx-eabi-gcc" "ARCHIVER=arm-xilinx-eabi-ar" "COMPILER_FLAGS=  -O2 -c" "EXTRA_COMPILER_FLAGS=-g"
"Compiling dmaps"
"Running Make libs in ps7_cortexa9_0/libsrc/gpio_v4_0/src"
make -C ps7_cortexa9_0/libsrc/gpio_v4_0/src -s libs  "SHELL=CMD" "COMPILER=arm-xilinx-eabi-gcc" "ARCHIVER=arm-xilinx-eabi-ar" "COMPILER_FLAGS=  -O2 -c" "EXTRA_COMPILER_FLAGS=-g"
"Compiling gpio"
"Running Make libs in ps7_cortexa9_0/libsrc/scugic_v2_1/src"
make -C ps7_cortexa9_0/libsrc/scugic_v2_1/src -s libs  "SHELL=CMD" "COMPILER=arm-xilinx-eabi-gcc" "ARCHIVER=arm-xilinx-eabi-ar" "COMPILER_FLAGS=  -O2 -c" "EXTRA_COMPILER_FLAGS=-g"
"Compiling scugic"
"Running Make libs in ps7_cortexa9_0/libsrc/scutimer_v2_0/src"
make -C ps7_cortexa9_0/libsrc/scutimer_v2_0/src -s libs  "SHELL=CMD" "COMPILER=arm-xilinx-eabi-gcc" "ARCHIVER=arm-xilinx-eabi-ar" "COMPILER_FLAGS=  -O2 -c" "EXTRA_COMPILER_FLAGS=-g"
"Compiling scutimer"
"Running Make libs in ps7_cortexa9_0/libsrc/scuwdt_v2_0/src"
make -C ps7_cortexa9_0/libsrc/scuwdt_v2_0/src -s libs  "SHELL=CMD" "COMPILER=arm-xilinx-eabi-gcc" "ARCHIVER=arm-xilinx-eabi-ar" "COMPILER_FLAGS=  -O2 -c" "EXTRA_COMPILER_FLAGS=-g"
"Compiling scuwdt"
"Running Make libs in ps7_cortexa9_0/libsrc/standalone_v4_2/src"
make -C ps7_cortexa9_0/libsrc/standalone_v4_2/src -s libs  "SHELL=CMD" "COMPILER=arm-xilinx-eabi-gcc" "ARCHIVER=arm-xilinx-eabi-ar" "COMPILER_FLAGS=  -O2 -c" "EXTRA_COMPILER_FLAGS=-g"
"Compiling standalone"
"Running Make libs in ps7_cortexa9_0/libsrc/uartps_v2_2/src"
make -C ps7_cortexa9_0/libsrc/uartps_v2_2/src -s libs  "SHELL=CMD" "COMPILER=arm-xilinx-eabi-gcc" "ARCHIVER=arm-xilinx-eabi-ar" "COMPILER_FLAGS=  -O2 -c" "EXTRA_COMPILER_FLAGS=-g"
"Compiling uartps"
"Running Make libs in ps7_cortexa9_0/libsrc/xadcps_v2_1/src"
make -C ps7_cortexa9_0/libsrc/xadcps_v2_1/src -s libs  "SHELL=CMD" "COMPILER=arm-xilinx-eabi-gcc" "ARCHIVER=arm-xilinx-eabi-ar" "COMPILER_FLAGS=  -O2 -c" "EXTRA_COMPILER_FLAGS=-g"
"Compiling xadcps"
'Finished building libraries'

**** Build of configuration Debug for project TestApp2 ****

Nothing to build for project TestApp2
10:09:16 **** Auto Build of configuration Debug for project TestApp2 ****
make all 
'Building file: ../src/lab2.c'
'Invoking: ARM gcc compiler'
arm-xilinx-eabi-gcc -Wall -O0 -g3 -c -fmessage-length=0 -MT"src/lab2.o" -I../../standalone_bsp_0/ps7_cortexa9_0/include -MMD -MP -MF"src/lab2.d" -MT"src/lab2.d" -o "src/lab2.o" "../src/lab2.c"
In file included from ../src/xutil.h:112:0,
                 from ../src/lab2.c:3:
../../standalone_bsp_0/ps7_cortexa9_0/include/xbasic_types.h:115:2: warning: #warning The xbasics_type.h file is deprecated and users should use xil_types.h and xil_assert. [-Wcpp]
 #warning  The xbasics_type.h file is deprecated and users should use xil_types.h and xil_assert.
  ^
../../standalone_bsp_0/ps7_cortexa9_0/include/xbasic_types.h:116:2: warning: #warning Please refer the Standalone BSP UG647 for further details [-Wcpp]
 #warning  Please refer the Standalone BSP UG647 for further details
  ^
'Finished building: ../src/lab2.c'
' '
'Building target: TestApp2.elf'
'Invoking: ARM gcc linker'
arm-xilinx-eabi-gcc -Wl,-T -Wl,../src/lscript.ld -L../../standalone_bsp_0/ps7_cortexa9_0/lib -o "TestApp2.elf"  ./src/lab2.o   -Wl,--start-group,-lxil,-lgcc,-lc,--end-group
'Finished building target: TestApp2.elf'
' '
'Invoking: ARM Print Size'
arm-xilinx-eabi-size TestApp2.elf  |tee "TestApp2.elf.size"
   text	   data	    bss	    dec	    hex	filename
  24004	   1192	  22564	  47760	   ba90	TestApp2.elf
'Finished building: TestApp2.elf.size'
' '
10:12:15 **** Incremental Build of configuration Debug for project TestApp2 ****
make all 
make: Nothing to be done for `all'.
10:15:50 **** Incremental Build of configuration Debug for project TestApp2 ****
make all 
make: Nothing to be done for `all'.
10:16:13 **** Incremental Build of configuration Debug for project TestApp2 ****
make all 
make: Nothing to be done for `all'.
10:18:40 **** Incremental Build of configuration Debug for project TestApp2 ****
make all 
make: Nothing to be done for `all'.
10:20:41 **** Incremental Build of configuration Debug for project TestApp2 ****
make all 
make: Nothing to be done for `all'.
10:21:00 **** Incremental Build of configuration Debug for project TestApp2 ****
make all 
make: Nothing to be done for `all'.
18:16:40 **** Auto Build of configuration Debug for project TestApp2 ****
make all 
'Building file: ../src/lab2.c'
'Invoking: ARM gcc compiler'
arm-xilinx-eabi-gcc -Wall -O0 -g3 -c -fmessage-length=0 -MT"src/lab2.o" -I../../standalone_bsp_0/ps7_cortexa9_0/include -MMD -MP -MF"src/lab2.d" -MT"src/lab2.d" -o "src/lab2.o" "../src/lab2.c"
In file included from ../src/xutil.h:112:0,
                 from ../src/lab2.c:3:
../../standalone_bsp_0/ps7_cortexa9_0/include/xbasic_types.h:115:2: warning: #warning The xbasics_type.h file is deprecated and users should use xil_types.h and xil_assert. [-Wcpp]
 #warning  The xbasics_type.h file is deprecated and users should use xil_types.h and xil_assert.
  ^
../../standalone_bsp_0/ps7_cortexa9_0/include/xbasic_types.h:116:2: warning: #warning Please refer the Standalone BSP UG647 for further details [-Wcpp]
 #warning  Please refer the Standalone BSP UG647 for further details
  ^
../src/lab2.c:5:1: error: unknown type name 'byte'
 byte faceDate[] = {0xc3, 0xc3, 0x00, 0x00, 0x18, 0x18, 0x42, 0x3c};
 ^
../src/lab2.c:7:1: error: unknown type name 'vois'
 vois shiftOut(XGpio *InstancePtr, int a, int b, byte myDateOut)
 ^
../src/lab2.c:7:49: error: unknown type name 'byte'
 vois shiftOut(XGpio *InstancePtr, int a, int b, byte myDateOut)
                                                 ^
../src/lab2.c: In function 'disp':
../src/lab2.c:36:2: error: 'for' loop initial declarations are only allowed in C99 mode
  for (int i = 0; i< 8; i++)
  ^
../src/lab2.c:36:2: note: use option -std=c99 or -std=gnu99 to compile your code
../src/lab2.c:38:24: error: 'dip' undeclared (first use in this function)
   XGpio_DiscreteWrite(&dip, 1, 0xfffffffd);
                        ^
../src/lab2.c:38:24: note: each undeclared identifier is reported only once for each function it appears in
../src/lab2.c:39:3: warning: implicit declaration of function 'shiftOut' [-Wimplicit-function-declaration]
   shiftOut(&dip,3,2,~(1<<i));
   ^
make: *** [src/lab2.o] ´íÎó 1
18:17:22 **** Auto Build of configuration Debug for project TestApp2 ****
make all 
'Building file: ../src/lab2.c'
'Invoking: ARM gcc compiler'
arm-xilinx-eabi-gcc -Wall -O0 -g3 -c -fmessage-length=0 -MT"src/lab2.o" -I../../standalone_bsp_0/ps7_cortexa9_0/include -MMD -MP -MF"src/lab2.d" -MT"src/lab2.d" -o "src/lab2.o" "../src/lab2.c"
In file included from ../src/xutil.h:112:0,
                 from ../src/lab2.c:3:
../../standalone_bsp_0/ps7_cortexa9_0/include/xbasic_types.h:115:2: warning: #warning The xbasics_type.h file is deprecated and users should use xil_types.h and xil_assert. [-Wcpp]
 #warning  The xbasics_type.h file is deprecated and users should use xil_types.h and xil_assert.
  ^
../../standalone_bsp_0/ps7_cortexa9_0/include/xbasic_types.h:116:2: warning: #warning Please refer the Standalone BSP UG647 for further details [-Wcpp]
 #warning  Please refer the Standalone BSP UG647 for further details
  ^
../src/lab2.c:5:1: error: unknown type name 'byte'
 byte faceDate[] = {0xc3, 0xc3, 0x00, 0x00, 0x18, 0x18, 0x42, 0x3c};
 ^
../src/lab2.c:7:49: error: unknown type name 'byte'
 void shiftOut(XGpio *InstancePtr, int a, int b, byte myDateOut)
                                                 ^
../src/lab2.c: In function 'disp':
../src/lab2.c:36:2: error: 'for' loop initial declarations are only allowed in C99 mode
  for (int i = 0; i< 8; i++)
  ^
../src/lab2.c:36:2: note: use option -std=c99 or -std=gnu99 to compile your code
../src/lab2.c:38:24: error: 'dip' undeclared (first use in this function)
   XGpio_DiscreteWrite(&dip, 1, 0xfffffffd);
                        ^
../src/lab2.c:38:24: note: each undeclared identifier is reported only once for each function it appears in
../src/lab2.c:39:3: warning: implicit declaration of function 'shiftOut' [-Wimplicit-function-declaration]
   shiftOut(&dip,3,2,~(1<<i));
   ^
make: *** [src/lab2.o] ´íÎó 1
18:18:30 **** Auto Build of configuration Debug for project TestApp2 ****
make all 
'Building file: ../src/lab2.c'
'Invoking: ARM gcc compiler'
arm-xilinx-eabi-gcc -Wall -O0 -g3 -c -fmessage-length=0 -MT"src/lab2.o" -I../../standalone_bsp_0/ps7_cortexa9_0/include -MMD -MP -MF"src/lab2.d" -MT"src/lab2.d" -o "src/lab2.o" "../src/lab2.c"
In file included from ../src/xutil.h:112:0,
                 from ../src/lab2.c:3:
../../standalone_bsp_0/ps7_cortexa9_0/include/xbasic_types.h:115:2: warning: #warning The xbasics_type.h file is deprecated and users should use xil_types.h and xil_assert. [-Wcpp]
 #warning  The xbasics_type.h file is deprecated and users should use xil_types.h and xil_assert.
  ^
../../standalone_bsp_0/ps7_cortexa9_0/include/xbasic_types.h:116:2: warning: #warning Please refer the Standalone BSP UG647 for further details [-Wcpp]
 #warning  Please refer the Standalone BSP UG647 for further details
  ^
../src/lab2.c:5:1: error: unknown type name 'byte'
 byte faceDate[] = {0xc3, 0xc3, 0x00, 0x00, 0x18, 0x18, 0x42, 0x3c};
 ^
../src/lab2.c:7:49: error: unknown type name 'byte'
 void shiftOut(XGpio *InstancePtr, int a, int b, byte myDateOut)
                                                 ^
../src/lab2.c: In function 'main':
../src/lab2.c:61:3: error: 'for' loop initial declarations are only allowed in C99 mode
   for (int i = 0; i< 8; i++)
   ^
../src/lab2.c:61:3: note: use option -std=c99 or -std=gnu99 to compile your code
../src/lab2.c:64:5: warning: implicit declaration of function 'shiftOut' [-Wimplicit-function-declaration]
     shiftOut(&dip,3,2,~(1<<i));
     ^
make: *** [src/lab2.o] ´íÎó 1
18:21:39 **** Auto Build of configuration Debug for project TestApp2 ****
make all 
'Building file: ../src/lab2.c'
'Invoking: ARM gcc compiler'
arm-xilinx-eabi-gcc -Wall -O0 -g3 -c -fmessage-length=0 -MT"src/lab2.o" -I../../standalone_bsp_0/ps7_cortexa9_0/include -MMD -MP -MF"src/lab2.d" -MT"src/lab2.d" -o "src/lab2.o" "../src/lab2.c"
In file included from ../src/xutil.h:112:0,
                 from ../src/lab2.c:3:
../../standalone_bsp_0/ps7_cortexa9_0/include/xbasic_types.h:115:2: warning: #warning The xbasics_type.h file is deprecated and users should use xil_types.h and xil_assert. [-Wcpp]
 #warning  The xbasics_type.h file is deprecated and users should use xil_types.h and xil_assert.
  ^
../../standalone_bsp_0/ps7_cortexa9_0/include/xbasic_types.h:116:2: warning: #warning Please refer the Standalone BSP UG647 for further details [-Wcpp]
 #warning  Please refer the Standalone BSP UG647 for further details
  ^
../src/lab2.c:5:1: error: unknown type name 'byte'
 byte faceDate[] = {0xc3, 0xc3, 0x00, 0x00, 0x18, 0x18, 0x42, 0x3c};
 ^
../src/lab2.c:7:49: error: unknown type name 'byte'
 void shiftOut(XGpio *InstancePtr, int a, int b, byte myDateOut)
                                                 ^
../src/lab2.c: In function 'main':
../src/lab2.c:65:5: warning: implicit declaration of function 'shiftOut' [-Wimplicit-function-declaration]
     shiftOut(&dip,3,2,~(1<<i));
     ^
make: *** [src/lab2.o] ´íÎó 1
18:22:32 **** Auto Build of configuration Debug for project TestApp2 ****
make all 
'Building file: ../src/lab2.c'
'Invoking: ARM gcc compiler'
arm-xilinx-eabi-gcc -Wall -O0 -g3 -c -fmessage-length=0 -MT"src/lab2.o" -I../../standalone_bsp_0/ps7_cortexa9_0/include -MMD -MP -MF"src/lab2.d" -MT"src/lab2.d" -o "src/lab2.o" "../src/lab2.c"
In file included from ../src/xutil.h:112:0,
                 from ../src/lab2.c:3:
../../standalone_bsp_0/ps7_cortexa9_0/include/xbasic_types.h:115:2: warning: #warning The xbasics_type.h file is deprecated and users should use xil_types.h and xil_assert. [-Wcpp]
 #warning  The xbasics_type.h file is deprecated and users should use xil_types.h and xil_assert.
  ^
../../standalone_bsp_0/ps7_cortexa9_0/include/xbasic_types.h:116:2: warning: #warning Please refer the Standalone BSP UG647 for further details [-Wcpp]
 #warning  Please refer the Standalone BSP UG647 for further details
  ^
../src/lab2.c: In function 'shiftOut':
../src/lab2.c:15:53: error: invalid operands to binary & (have 'struct XGpio *' and 'u32')
     XGpio_DiscreteWrite(InstancePtr, 1, InstancePtr & ZhiLinga);
                                                     ^
../src/lab2.c:16:53: error: invalid operands to binary & (have 'struct XGpio *' and 'u32')
     XGpio_DiscreteWrite(InstancePtr, 1, InstancePtr & ZhiLingb);
                                                     ^
../src/lab2.c:19:54: error: invalid operands to binary & (have 'struct XGpio *' and 'u32')
      XGpio_DiscreteWrite(InstancePtr, 1, InstancePtr & ZhiLingb);
                                                      ^
../src/lab2.c:25:52: error: invalid operands to binary | (have 'u32' and 'struct XGpio *')
          XGpio_DiscreteWrite(InstancePtr, 1, ZhiYia|InstancePtr);
                                                    ^
../src/lab2.c:27:51: error: invalid operands to binary & (have 'u32' and 'struct XGpio *')
       XGpio_DiscreteWrite(InstancePtr, 1, ZhiLinga&InstancePtr);
                                                   ^
../src/lab2.c:28:48: error: invalid operands to binary | (have 'u32' and 'struct XGpio *')
      XGpio_DiscreteWrite(InstancePtr, 1, ZhiYib|InstancePtr);
                                                ^
../src/lab2.c:29:50: error: invalid operands to binary & (have 'u32' and 'struct XGpio *')
      XGpio_DiscreteWrite(InstancePtr, 1, ZhiLinga&InstancePtr);
                                                  ^
../src/lab2.c:31:49: error: invalid operands to binary & (have 'u32' and 'struct XGpio *')
     XGpio_DiscreteWrite(InstancePtr, 1, ZhiLingb&InstancePtr);
                                                 ^
make: *** [src/lab2.o] ´íÎó 1
18:23:30 **** Auto Build of configuration Debug for project TestApp2 ****
make all 
'Building file: ../src/lab2.c'
'Invoking: ARM gcc compiler'
arm-xilinx-eabi-gcc -Wall -O0 -g3 -c -fmessage-length=0 -MT"src/lab2.o" -I../../standalone_bsp_0/ps7_cortexa9_0/include -MMD -MP -MF"src/lab2.d" -MT"src/lab2.d" -o "src/lab2.o" "../src/lab2.c"
In file included from ../src/xutil.h:112:0,
                 from ../src/lab2.c:3:
../../standalone_bsp_0/ps7_cortexa9_0/include/xbasic_types.h:115:2: warning: #warning The xbasics_type.h file is deprecated and users should use xil_types.h and xil_assert. [-Wcpp]
 #warning  The xbasics_type.h file is deprecated and users should use xil_types.h and xil_assert.
  ^
../../standalone_bsp_0/ps7_cortexa9_0/include/xbasic_types.h:116:2: warning: #warning Please refer the Standalone BSP UG647 for further details [-Wcpp]
 #warning  Please refer the Standalone BSP UG647 for further details
  ^
../src/lab2.c: In function 'shiftOut':
../src/lab2.c:16:21: error: invalid operands to binary & (have 'struct XGpio *' and 'u32')
     m = InstancePtr & ZhiLinga;
                     ^
../src/lab2.c:18:53: error: invalid operands to binary & (have 'struct XGpio *' and 'u32')
     XGpio_DiscreteWrite(InstancePtr, 1, InstancePtr & ZhiLingb);
                                                     ^
../src/lab2.c:21:54: error: invalid operands to binary & (have 'struct XGpio *' and 'u32')
      XGpio_DiscreteWrite(InstancePtr, 1, InstancePtr & ZhiLingb);
                                                      ^
../src/lab2.c:27:52: error: invalid operands to binary | (have 'u32' and 'struct XGpio *')
          XGpio_DiscreteWrite(InstancePtr, 1, ZhiYia|InstancePtr);
                                                    ^
../src/lab2.c:29:51: error: invalid operands to binary & (have 'u32' and 'struct XGpio *')
       XGpio_DiscreteWrite(InstancePtr, 1, ZhiLinga&InstancePtr);
                                                   ^
../src/lab2.c:30:48: error: invalid operands to binary | (have 'u32' and 'struct XGpio *')
      XGpio_DiscreteWrite(InstancePtr, 1, ZhiYib|InstancePtr);
                                                ^
../src/lab2.c:31:50: error: invalid operands to binary & (have 'u32' and 'struct XGpio *')
      XGpio_DiscreteWrite(InstancePtr, 1, ZhiLinga&InstancePtr);
                                                  ^
../src/lab2.c:33:49: error: invalid operands to binary & (have 'u32' and 'struct XGpio *')
     XGpio_DiscreteWrite(InstancePtr, 1, ZhiLingb&InstancePtr);
                                                 ^
make: *** [src/lab2.o] ´íÎó 1
18:24:05 **** Auto Build of configuration Debug for project TestApp2 ****
make all 
'Building file: ../src/lab2.c'
'Invoking: ARM gcc compiler'
arm-xilinx-eabi-gcc -Wall -O0 -g3 -c -fmessage-length=0 -MT"src/lab2.o" -I../../standalone_bsp_0/ps7_cortexa9_0/include -MMD -MP -MF"src/lab2.d" -MT"src/lab2.d" -o "src/lab2.o" "../src/lab2.c"
In file included from ../src/xutil.h:112:0,
                 from ../src/lab2.c:3:
../../standalone_bsp_0/ps7_cortexa9_0/include/xbasic_types.h:115:2: warning: #warning The xbasics_type.h file is deprecated and users should use xil_types.h and xil_assert. [-Wcpp]
 #warning  The xbasics_type.h file is deprecated and users should use xil_types.h and xil_assert.
  ^
../../standalone_bsp_0/ps7_cortexa9_0/include/xbasic_types.h:116:2: warning: #warning Please refer the Standalone BSP UG647 for further details [-Wcpp]
 #warning  Please refer the Standalone BSP UG647 for further details
  ^
../src/lab2.c: In function 'shiftOut':
../src/lab2.c:15:53: error: invalid operands to binary & (have 'struct XGpio *' and 'u32')
     XGpio_DiscreteWrite(InstancePtr, 1, InstancePtr & ZhiLinga);
                                                     ^
../src/lab2.c:16:53: error: invalid operands to binary & (have 'struct XGpio *' and 'u32')
     XGpio_DiscreteWrite(InstancePtr, 1, InstancePtr & ZhiLingb);
                                                     ^
../src/lab2.c:19:54: error: invalid operands to binary & (have 'struct XGpio *' and 'u32')
      XGpio_DiscreteWrite(InstancePtr, 1, InstancePtr & ZhiLingb);
                                                      ^
../src/lab2.c:25:52: error: invalid operands to binary | (have 'u32' and 'struct XGpio *')
          XGpio_DiscreteWrite(InstancePtr, 1, ZhiYia|InstancePtr);
                                                    ^
../src/lab2.c:27:51: error: invalid operands to binary & (have 'u32' and 'struct XGpio *')
       XGpio_DiscreteWrite(InstancePtr, 1, ZhiLinga&InstancePtr);
                                                   ^
../src/lab2.c:28:48: error: invalid operands to binary | (have 'u32' and 'struct XGpio *')
      XGpio_DiscreteWrite(InstancePtr, 1, ZhiYib|InstancePtr);
                                                ^
../src/lab2.c:29:50: error: invalid operands to binary & (have 'u32' and 'struct XGpio *')
      XGpio_DiscreteWrite(InstancePtr, 1, ZhiLinga&InstancePtr);
                                                  ^
../src/lab2.c:31:49: error: invalid operands to binary & (have 'u32' and 'struct XGpio *')
     XGpio_DiscreteWrite(InstancePtr, 1, ZhiLingb&InstancePtr);
                                                 ^
make: *** [src/lab2.o] ´íÎó 1
18:40:40 **** Auto Build of configuration Debug for project TestApp2 ****
make all 
'Building file: ../src/lab2.c'
'Invoking: ARM gcc compiler'
arm-xilinx-eabi-gcc -Wall -O0 -g3 -c -fmessage-length=0 -MT"src/lab2.o" -I../../standalone_bsp_0/ps7_cortexa9_0/include -MMD -MP -MF"src/lab2.d" -MT"src/lab2.d" -o "src/lab2.o" "../src/lab2.c"
In file included from ../src/xutil.h:112:0,
                 from ../src/lab2.c:3:
../../standalone_bsp_0/ps7_cortexa9_0/include/xbasic_types.h:115:2: warning: #warning The xbasics_type.h file is deprecated and users should use xil_types.h and xil_assert. [-Wcpp]
 #warning  The xbasics_type.h file is deprecated and users should use xil_types.h and xil_assert.
  ^
../../standalone_bsp_0/ps7_cortexa9_0/include/xbasic_types.h:116:2: warning: #warning Please refer the Standalone BSP UG647 for further details [-Wcpp]
 #warning  Please refer the Standalone BSP UG647 for further details
  ^
../src/lab2.c: In function 'shiftOut':
../src/lab2.c:41:42: error: 'ZhiLina' undeclared (first use in this function)
      XGpio_DiscreteWrite(InstancePtr, 1, ZhiLina & laststate);
                                          ^
../src/lab2.c:41:42: note: each undeclared identifier is reported only once for each function it appears in
make: *** [src/lab2.o] ´íÎó 1
18:41:01 **** Auto Build of configuration Debug for project TestApp2 ****
make all 
'Building file: ../src/lab2.c'
'Invoking: ARM gcc compiler'
arm-xilinx-eabi-gcc -Wall -O0 -g3 -c -fmessage-length=0 -MT"src/lab2.o" -I../../standalone_bsp_0/ps7_cortexa9_0/include -MMD -MP -MF"src/lab2.d" -MT"src/lab2.d" -o "src/lab2.o" "../src/lab2.c"
In file included from ../src/xutil.h:112:0,
                 from ../src/lab2.c:3:
../../standalone_bsp_0/ps7_cortexa9_0/include/xbasic_types.h:115:2: warning: #warning The xbasics_type.h file is deprecated and users should use xil_types.h and xil_assert. [-Wcpp]
 #warning  The xbasics_type.h file is deprecated and users should use xil_types.h and xil_assert.
  ^
../../standalone_bsp_0/ps7_cortexa9_0/include/xbasic_types.h:116:2: warning: #warning Please refer the Standalone BSP UG647 for further details [-Wcpp]
 #warning  Please refer the Standalone BSP UG647 for further details
  ^
'Finished building: ../src/lab2.c'
' '
'Building target: TestApp2.elf'
'Invoking: ARM gcc linker'
arm-xilinx-eabi-gcc -Wl,-T -Wl,../src/lscript.ld -L../../standalone_bsp_0/ps7_cortexa9_0/lib -o "TestApp2.elf"  ./src/lab2.o   -Wl,--start-group,-lxil,-lgcc,-lc,--end-group
'Finished building target: TestApp2.elf'
' '
'Invoking: ARM Print Size'
arm-xilinx-eabi-size TestApp2.elf  |tee "TestApp2.elf.size"
   text	   data	    bss	    dec	    hex	filename
  21588	   1216	  22580	  45384	   b148	TestApp2.elf
'Finished building: TestApp2.elf.size'
' '
18:55:03 **** Incremental Build of configuration Debug for project TestApp2 ****
make all 
make: Nothing to be done for `all'.
18:56:17 **** Incremental Build of configuration Debug for project TestApp2 ****
make all 
make: Nothing to be done for `all'.
18:57:33 **** Incremental Build of configuration Debug for project TestApp2 ****
make all 
make: Nothing to be done for `all'.
18:57:44 **** Incremental Build of configuration Debug for project TestApp2 ****
make all 
make: Nothing to be done for `all'.
18:58:01 **** Incremental Build of configuration Debug for project TestApp2 ****
make all 
make: Nothing to be done for `all'.
19:01:27 **** Auto Build of configuration Debug for project TestApp2 ****
make all 
'Building file: ../src/lab2.c'
'Invoking: ARM gcc compiler'
arm-xilinx-eabi-gcc -Wall -O0 -g3 -c -fmessage-length=0 -MT"src/lab2.o" -I../../standalone_bsp_0/ps7_cortexa9_0/include -MMD -MP -MF"src/lab2.d" -MT"src/lab2.d" -o "src/lab2.o" "../src/lab2.c"
In file included from ../src/xutil.h:112:0,
                 from ../src/lab2.c:3:
../../standalone_bsp_0/ps7_cortexa9_0/include/xbasic_types.h:115:2: warning: #warning The xbasics_type.h file is deprecated and users should use xil_types.h and xil_assert. [-Wcpp]
 #warning  The xbasics_type.h file is deprecated and users should use xil_types.h and xil_assert.
  ^
../../standalone_bsp_0/ps7_cortexa9_0/include/xbasic_types.h:116:2: warning: #warning Please refer the Standalone BSP UG647 for further details [-Wcpp]
 #warning  Please refer the Standalone BSP UG647 for further details
  ^
../src/lab2.c: In function 'main':
../src/lab2.c:65:20: error: 'push' undeclared (first use in this function)
  XGpio_Initialize(&push, XPAR_BTNS_4BIT_DEVICE_ID);
                    ^
../src/lab2.c:65:20: note: each undeclared identifier is reported only once for each function it appears in
make: *** [src/lab2.o] ´íÎó 1
19:01:49 **** Auto Build of configuration Debug for project TestApp2 ****
make all 
'Building file: ../src/lab2.c'
'Invoking: ARM gcc compiler'
arm-xilinx-eabi-gcc -Wall -O0 -g3 -c -fmessage-length=0 -MT"src/lab2.o" -I../../standalone_bsp_0/ps7_cortexa9_0/include -MMD -MP -MF"src/lab2.d" -MT"src/lab2.d" -o "src/lab2.o" "../src/lab2.c"
In file included from ../src/xutil.h:112:0,
                 from ../src/lab2.c:3:
../../standalone_bsp_0/ps7_cortexa9_0/include/xbasic_types.h:115:2: warning: #warning The xbasics_type.h file is deprecated and users should use xil_types.h and xil_assert. [-Wcpp]
 #warning  The xbasics_type.h file is deprecated and users should use xil_types.h and xil_assert.
  ^
../../standalone_bsp_0/ps7_cortexa9_0/include/xbasic_types.h:116:2: warning: #warning Please refer the Standalone BSP UG647 for further details [-Wcpp]
 #warning  Please refer the Standalone BSP UG647 for further details
  ^
'Finished building: ../src/lab2.c'
' '
'Building target: TestApp2.elf'
'Invoking: ARM gcc linker'
arm-xilinx-eabi-gcc -Wl,-T -Wl,../src/lscript.ld -L../../standalone_bsp_0/ps7_cortexa9_0/lib -o "TestApp2.elf"  ./src/lab2.o   -Wl,--start-group,-lxil,-lgcc,-lc,--end-group
'Finished building target: TestApp2.elf'
' '
'Invoking: ARM Print Size'
arm-xilinx-eabi-size TestApp2.elf  |tee "TestApp2.elf.size"
   text	   data	    bss	    dec	    hex	filename
  24788	   1224	  22580	  48592	   bdd0	TestApp2.elf
'Finished building: TestApp2.elf.size'
' '
19:03:05 **** Incremental Build of configuration Debug for project TestApp2 ****
make all 
make: Nothing to be done for `all'.
19:04:57 **** Incremental Build of configuration Debug for project TestApp2 ****
make all 
make: Nothing to be done for `all'.
19:59:54 **** Auto Build of configuration Debug for project TestApp2 ****
make all 
'Building file: ../src/lab2.c'
'Invoking: ARM gcc compiler'
arm-xilinx-eabi-gcc -Wall -O0 -g3 -c -fmessage-length=0 -MT"src/lab2.o" -I../../standalone_bsp_0/ps7_cortexa9_0/include -MMD -MP -MF"src/lab2.d" -MT"src/lab2.d" -o "src/lab2.o" "../src/lab2.c"
In file included from ../src/xutil.h:112:0,
                 from ../src/lab2.c:3:
../../standalone_bsp_0/ps7_cortexa9_0/include/xbasic_types.h:115:2: warning: #warning The xbasics_type.h file is deprecated and users should use xil_types.h and xil_assert. [-Wcpp]
 #warning  The xbasics_type.h file is deprecated and users should use xil_types.h and xil_assert.
  ^
../../standalone_bsp_0/ps7_cortexa9_0/include/xbasic_types.h:116:2: warning: #warning Please refer the Standalone BSP UG647 for further details [-Wcpp]
 #warning  Please refer the Standalone BSP UG647 for further details
  ^
../src/lab2.c: In function 'main':
../src/lab2.c:83:5: error: unknown type name 'GPIO'
     GPIO *InstancePtr = &dip;
     ^
../src/lab2.c:83:25: warning: initialization from incompatible pointer type [enabled by default]
     GPIO *InstancePtr = &dip;
                         ^
../src/lab2.c:85:5: warning: passing argument 1 of 'XGpio_DiscreteRead' from incompatible pointer type [enabled by default]
     laststate = XGpio_DiscreteRead(InstancePtr, 1);
     ^
In file included from ../src/lab2.c:2:0:
../../standalone_bsp_0/ps7_cortexa9_0/include/xgpio.h:165:5: note: expected 'struct XGpio *' but argument is of type 'int *'
 u32 XGpio_DiscreteRead(XGpio *InstancePtr, unsigned Channel);
     ^
../src/lab2.c:86:8: warning: passing argument 1 of 'XGpio_DiscreteWrite' from incompatible pointer type [enabled by default]
        XGpio_DiscreteWrite(InstancePtr, 1, laststate & ZhiLinga);
        ^
In file included from ../src/lab2.c:2:0:
../../standalone_bsp_0/ps7_cortexa9_0/include/xgpio.h:166:6: note: expected 'struct XGpio *' but argument is of type 'int *'
 void XGpio_DiscreteWrite(XGpio *InstancePtr, unsigned Channel, u32 Mask);
      ^
../src/lab2.c:87:5: warning: passing argument 1 of 'XGpio_DiscreteRead' from incompatible pointer type [enabled by default]
     laststate = XGpio_DiscreteRead(InstancePtr, 1);
     ^
In file included from ../src/lab2.c:2:0:
../../standalone_bsp_0/ps7_cortexa9_0/include/xgpio.h:165:5: note: expected 'struct XGpio *' but argument is of type 'int *'
 u32 XGpio_DiscreteRead(XGpio *InstancePtr, unsigned Channel);
     ^
../src/lab2.c:88:5: warning: passing argument 1 of 'XGpio_DiscreteWrite' from incompatible pointer type [enabled by default]
     XGpio_DiscreteWrite(InstancePtr, 1, laststate & ZhiLingb);
     ^
In file included from ../src/lab2.c:2:0:
../../standalone_bsp_0/ps7_cortexa9_0/include/xgpio.h:166:6: note: expected 'struct XGpio *' but argument is of type 'int *'
 void XGpio_DiscreteWrite(XGpio *InstancePtr, unsigned Channel, u32 Mask);
      ^
../src/lab2.c:91:9: warning: passing argument 1 of 'XGpio_DiscreteRead' from incompatible pointer type [enabled by default]
         laststate = XGpio_DiscreteRead(InstancePtr, 1);
         ^
In file included from ../src/lab2.c:2:0:
../../standalone_bsp_0/ps7_cortexa9_0/include/xgpio.h:165:5: note: expected 'struct XGpio *' but argument is of type 'int *'
 u32 XGpio_DiscreteRead(XGpio *InstancePtr, unsigned Channel);
     ^
../src/lab2.c:92:9: warning: passing argument 1 of 'XGpio_DiscreteWrite' from incompatible pointer type [enabled by default]
         XGpio_DiscreteWrite(InstancePtr, 1, laststate & ZhiLingb);
         ^
In file included from ../src/lab2.c:2:0:
../../standalone_bsp_0/ps7_cortexa9_0/include/xgpio.h:166:6: note: expected 'struct XGpio *' but argument is of type 'int *'
 void XGpio_DiscreteWrite(XGpio *InstancePtr, unsigned Channel, u32 Mask);
      ^
../src/lab2.c:99:10: warning: passing argument 1 of 'XGpio_DiscreteRead' from incompatible pointer type [enabled by default]
          laststate = XGpio_DiscreteRead(InstancePtr, 1);
          ^
In file included from ../src/lab2.c:2:0:
../../standalone_bsp_0/ps7_cortexa9_0/include/xgpio.h:165:5: note: expected 'struct XGpio *' but argument is of type 'int *'
 u32 XGpio_DiscreteRead(XGpio *InstancePtr, unsigned Channel);
     ^
../src/lab2.c:100:10: warning: passing argument 1 of 'XGpio_DiscreteWrite' from incompatible pointer type [enabled by default]
          XGpio_DiscreteWrite(InstancePtr, 1, ZhiYia | laststate);
          ^
In file included from ../src/lab2.c:2:0:
../../standalone_bsp_0/ps7_cortexa9_0/include/xgpio.h:166:6: note: expected 'struct XGpio *' but argument is of type 'int *'
 void XGpio_DiscreteWrite(XGpio *InstancePtr, unsigned Channel, u32 Mask);
      ^
../src/lab2.c:104:10: warning: passing argument 1 of 'XGpio_DiscreteRead' from incompatible pointer type [enabled by default]
          laststate = XGpio_DiscreteRead(InstancePtr, 1);
          ^
In file included from ../src/lab2.c:2:0:
../../standalone_bsp_0/ps7_cortexa9_0/include/xgpio.h:165:5: note: expected 'struct XGpio *' but argument is of type 'int *'
 u32 XGpio_DiscreteRead(XGpio *InstancePtr, unsigned Channel);
     ^
../src/lab2.c:105:10: warning: passing argument 1 of 'XGpio_DiscreteWrite' from incompatible pointer type [enabled by default]
          XGpio_DiscreteWrite(InstancePtr, 1, ZhiLinga & laststate);
          ^
In file included from ../src/lab2.c:2:0:
../../standalone_bsp_0/ps7_cortexa9_0/include/xgpio.h:166:6: note: expected 'struct XGpio *' but argument is of type 'int *'
 void XGpio_DiscreteWrite(XGpio *InstancePtr, unsigned Channel, u32 Mask);
      ^
../src/lab2.c:107:9: warning: passing argument 1 of 'XGpio_DiscreteRead' from incompatible pointer type [enabled by default]
         laststate = XGpio_DiscreteRead(InstancePtr, 1);
         ^
In file included from ../src/lab2.c:2:0:
../../standalone_bsp_0/ps7_cortexa9_0/include/xgpio.h:165:5: note: expected 'struct XGpio *' but argument is of type 'int *'
 u32 XGpio_DiscreteRead(XGpio *InstancePtr, unsigned Channel);
     ^
../src/lab2.c:108:9: warning: passing argument 1 of 'XGpio_DiscreteWrite' from incompatible pointer type [enabled by default]
         XGpio_DiscreteWrite( InstancePtr, 1, ZhiYib | laststate);
         ^
In file included from ../src/lab2.c:2:0:
../../standalone_bsp_0/ps7_cortexa9_0/include/xgpio.h:166:6: note: expected 'struct XGpio *' but argument is of type 'int *'
 void XGpio_DiscreteWrite(XGpio *InstancePtr, unsigned Channel, u32 Mask);
      ^
../src/lab2.c:109:9: warning: passing argument 1 of 'XGpio_DiscreteRead' from incompatible pointer type [enabled by default]
         laststate = XGpio_DiscreteRead(InstancePtr, 1);
         ^
In file included from ../src/lab2.c:2:0:
../../standalone_bsp_0/ps7_cortexa9_0/include/xgpio.h:165:5: note: expected 'struct XGpio *' but argument is of type 'int *'
 u32 XGpio_DiscreteRead(XGpio *InstancePtr, unsigned Channel);
     ^
../src/lab2.c:110:10: warning: passing argument 1 of 'XGpio_DiscreteWrite' from incompatible pointer type [enabled by default]
          XGpio_DiscreteWrite(InstancePtr, 1, ZhiLinga & laststate);
          ^
In file included from ../src/lab2.c:2:0:
../../standalone_bsp_0/ps7_cortexa9_0/include/xgpio.h:166:6: note: expected 'struct XGpio *' but argument is of type 'int *'
 void XGpio_DiscreteWrite(XGpio *InstancePtr, unsigned Channel, u32 Mask);
      ^
../src/lab2.c:112:9: warning: passing argument 1 of 'XGpio_DiscreteRead' from incompatible pointer type [enabled by default]
         laststate = XGpio_DiscreteRead(InstancePtr, 1);
         ^
In file included from ../src/lab2.c:2:0:
../../standalone_bsp_0/ps7_cortexa9_0/include/xgpio.h:165:5: note: expected 'struct XGpio *' but argument is of type 'int *'
 u32 XGpio_DiscreteRead(XGpio *InstancePtr, unsigned Channel);
     ^
../src/lab2.c:113:9: warning: passing argument 1 of 'XGpio_DiscreteWrite' from incompatible pointer type [enabled by default]
         XGpio_DiscreteWrite(InstancePtr, 1, ZhiLingb & laststate);
         ^
In file included from ../src/lab2.c:2:0:
../../standalone_bsp_0/ps7_cortexa9_0/include/xgpio.h:166:6: note: expected 'struct XGpio *' but argument is of type 'int *'
 void XGpio_DiscreteWrite(XGpio *InstancePtr, unsigned Channel, u32 Mask);
      ^
../src/lab2.c:115:9: warning: passing argument 1 of 'XGpio_DiscreteRead' from incompatible pointer type [enabled by default]
         laststate = XGpio_DiscreteRead(InstancePtr, 1);
         ^
In file included from ../src/lab2.c:2:0:
../../standalone_bsp_0/ps7_cortexa9_0/include/xgpio.h:165:5: note: expected 'struct XGpio *' but argument is of type 'int *'
 u32 XGpio_DiscreteRead(XGpio *InstancePtr, unsigned Channel);
     ^
../src/lab2.c:116:9: warning: passing argument 1 of 'XGpio_DiscreteWrite' from incompatible pointer type [enabled by default]
         XGpio_DiscreteWrite(InstancePtr, 1, laststate & ZhiLinga);
         ^
In file included from ../src/lab2.c:2:0:
../../standalone_bsp_0/ps7_cortexa9_0/include/xgpio.h:166:6: note: expected 'struct XGpio *' but argument is of type 'int *'
 void XGpio_DiscreteWrite(XGpio *InstancePtr, unsigned Channel, u32 Mask);
      ^
../src/lab2.c:117:9: warning: passing argument 1 of 'XGpio_DiscreteRead' from incompatible pointer type [enabled by default]
         laststate = XGpio_DiscreteRead(InstancePtr, 1);
         ^
In file included from ../src/lab2.c:2:0:
../../standalone_bsp_0/ps7_cortexa9_0/include/xgpio.h:165:5: note: expected 'struct XGpio *' but argument is of type 'int *'
 u32 XGpio_DiscreteRead(XGpio *InstancePtr, unsigned Channel);
     ^
../src/lab2.c:118:9: warning: passing argument 1 of 'XGpio_DiscreteWrite' from incompatible pointer type [enabled by default]
         XGpio_DiscreteWrite(InstancePtr, 1, laststate & ZhiLingb);
         ^
In file included from ../src/lab2.c:2:0:
../../standalone_bsp_0/ps7_cortexa9_0/include/xgpio.h:166:6: note: expected 'struct XGpio *' but argument is of type 'int *'
 void XGpio_DiscreteWrite(XGpio *InstancePtr, unsigned Channel, u32 Mask);
      ^
../src/lab2.c:121:10: warning: passing argument 1 of 'XGpio_DiscreteRead' from incompatible pointer type [enabled by default]
          laststate = XGpio_DiscreteRead(InstancePtr, 1);
          ^
In file included from ../src/lab2.c:2:0:
../../standalone_bsp_0/ps7_cortexa9_0/include/xgpio.h:165:5: note: expected 'struct XGpio *' but argument is of type 'int *'
 u32 XGpio_DiscreteRead(XGpio *InstancePtr, unsigned Channel);
     ^
../src/lab2.c:122:10: warning: passing argument 1 of 'XGpio_DiscreteWrite' from incompatible pointer type [enabled by default]
          XGpio_DiscreteWrite(InstancePtr, 1, laststate & ZhiLingb);
          ^
In file included from ../src/lab2.c:2:0:
../../standalone_bsp_0/ps7_cortexa9_0/include/xgpio.h:166:6: note: expected 'struct XGpio *' but argument is of type 'int *'
 void XGpio_DiscreteWrite(XGpio *InstancePtr, unsigned Channel, u32 Mask);
      ^
../src/lab2.c:129:11: warning: passing argument 1 of 'XGpio_DiscreteRead' from incompatible pointer type [enabled by default]
           laststate = XGpio_DiscreteRead(InstancePtr, 1);
           ^
In file included from ../src/lab2.c:2:0:
../../standalone_bsp_0/ps7_cortexa9_0/include/xgpio.h:165:5: note: expected 'struct XGpio *' but argument is of type 'int *'
 u32 XGpio_DiscreteRead(XGpio *InstancePtr, unsigned Channel);
     ^
../src/lab2.c:130:11: warning: passing argument 1 of 'XGpio_DiscreteWrite' from incompatible pointer type [enabled by default]
           XGpio_DiscreteWrite(InstancePtr, 1, ZhiYia | laststate);
           ^
In file included from ../src/lab2.c:2:0:
../../standalone_bsp_0/ps7_cortexa9_0/include/xgpio.h:166:6: note: expected 'struct XGpio *' but argument is of type 'int *'
 void XGpio_DiscreteWrite(XGpio *InstancePtr, unsigned Channel, u32 Mask);
      ^
../src/lab2.c:134:11: warning: passing argument 1 of 'XGpio_DiscreteRead' from incompatible pointer type [enabled by default]
           laststate = XGpio_DiscreteRead(InstancePtr, 1);
           ^
In file included from ../src/lab2.c:2:0:
../../standalone_bsp_0/ps7_cortexa9_0/include/xgpio.h:165:5: note: expected 'struct XGpio *' but argument is of type 'int *'
 u32 XGpio_DiscreteRead(XGpio *InstancePtr, unsigned Channel);
     ^
../src/lab2.c:135:11: warning: passing argument 1 of 'XGpio_DiscreteWrite' from incompatible pointer type [enabled by default]
           XGpio_DiscreteWrite(InstancePtr, 1, ZhiLinga & laststate);
           ^
In file included from ../src/lab2.c:2:0:
../../standalone_bsp_0/ps7_cortexa9_0/include/xgpio.h:166:6: note: expected 'struct XGpio *' but argument is of type 'int *'
 void XGpio_DiscreteWrite(XGpio *InstancePtr, unsigned Channel, u32 Mask);
      ^
../src/lab2.c:137:10: warning: passing argument 1 of 'XGpio_DiscreteRead' from incompatible pointer type [enabled by default]
          laststate = XGpio_DiscreteRead(InstancePtr, 1);
          ^
In file included from ../src/lab2.c:2:0:
../../standalone_bsp_0/ps7_cortexa9_0/include/xgpio.h:165:5: note: expected 'struct XGpio *' but argument is of type 'int *'
 u32 XGpio_DiscreteRead(XGpio *InstancePtr, unsigned Channel);
     ^
../src/lab2.c:138:10: warning: passing argument 1 of 'XGpio_DiscreteWrite' from incompatible pointer type [enabled by default]
          XGpio_DiscreteWrite( InstancePtr, 1, ZhiYib | laststate);
          ^
In file included from ../src/lab2.c:2:0:
../../standalone_bsp_0/ps7_cortexa9_0/include/xgpio.h:166:6: note: expected 'struct XGpio *' but argument is of type 'int *'
 void XGpio_DiscreteWrite(XGpio *InstancePtr, unsigned Channel, u32 Mask);
      ^
../src/lab2.c:139:10: warning: passing argument 1 of 'XGpio_DiscreteRead' from incompatible pointer type [enabled by default]
          laststate = XGpio_DiscreteRead(InstancePtr, 1);
          ^
In file included from ../src/lab2.c:2:0:
../../standalone_bsp_0/ps7_cortexa9_0/include/xgpio.h:165:5: note: expected 'struct XGpio *' but argument is of type 'int *'
 u32 XGpio_DiscreteRead(XGpio *InstancePtr, unsigned Channel);
     ^
../src/lab2.c:140:10: warning: passing argument 1 of 'XGpio_DiscreteWrite' from incompatible pointer type [enabled by default]
          XGpio_DiscreteWrite(InstancePtr, 1, ZhiLinga & laststate);
          ^
In file included from ../src/lab2.c:2:0:
../../standalone_bsp_0/ps7_cortexa9_0/include/xgpio.h:166:6: note: expected 'struct XGpio *' but argument is of type 'int *'
 void XGpio_DiscreteWrite(XGpio *InstancePtr, unsigned Channel, u32 Mask);
      ^
../src/lab2.c:142:10: warning: passing argument 1 of 'XGpio_DiscreteRead' from incompatible pointer type [enabled by default]
          laststate = XGpio_DiscreteRead(InstancePtr, 1);
          ^
In file included from ../src/lab2.c:2:0:
../../standalone_bsp_0/ps7_cortexa9_0/include/xgpio.h:165:5: note: expected 'struct XGpio *' but argument is of type 'int *'
 u32 XGpio_DiscreteRead(XGpio *InstancePtr, unsigned Channel);
     ^
../src/lab2.c:143:10: warning: passing argument 1 of 'XGpio_DiscreteWrite' from incompatible pointer type [enabled by default]
          XGpio_DiscreteWrite(InstancePtr, 1, ZhiLingb & laststate);
          ^
In file included from ../src/lab2.c:2:0:
../../standalone_bsp_0/ps7_cortexa9_0/include/xgpio.h:166:6: note: expected 'struct XGpio *' but argument is of type 'int *'
 void XGpio_DiscreteWrite(XGpio *InstancePtr, unsigned Channel, u32 Mask);
      ^
make: *** [src/lab2.o] ´íÎó 1
20:04:04 **** Auto Build of configuration Debug for project TestApp2 ****
make all 
'Building file: ../src/lab2.c'
'Invoking: ARM gcc compiler'
arm-xilinx-eabi-gcc -Wall -O0 -g3 -c -fmessage-length=0 -MT"src/lab2.o" -I../../standalone_bsp_0/ps7_cortexa9_0/include -MMD -MP -MF"src/lab2.d" -MT"src/lab2.d" -o "src/lab2.o" "../src/lab2.c"
In file included from ../src/xutil.h:112:0,
                 from ../src/lab2.c:3:
../../standalone_bsp_0/ps7_cortexa9_0/include/xbasic_types.h:115:2: warning: #warning The xbasics_type.h file is deprecated and users should use xil_types.h and xil_assert. [-Wcpp]
 #warning  The xbasics_type.h file is deprecated and users should use xil_types.h and xil_assert.
  ^
../../standalone_bsp_0/ps7_cortexa9_0/include/xbasic_types.h:116:2: warning: #warning Please refer the Standalone BSP UG647 for further details [-Wcpp]
 #warning  Please refer the Standalone BSP UG647 for further details
  ^
'Finished building: ../src/lab2.c'
' '
'Building target: TestApp2.elf'
'Invoking: ARM gcc linker'
arm-xilinx-eabi-gcc -Wl,-T -Wl,../src/lscript.ld -L../../standalone_bsp_0/ps7_cortexa9_0/lib -o "TestApp2.elf"  ./src/lab2.o   -Wl,--start-group,-lxil,-lgcc,-lc,--end-group
'Finished building target: TestApp2.elf'
' '
'Invoking: ARM Print Size'
arm-xilinx-eabi-size TestApp2.elf  |tee "TestApp2.elf.size"
   text	   data	    bss	    dec	    hex	filename
  25492	   1240	  22580	  49312	   c0a0	TestApp2.elf
'Finished building: TestApp2.elf.size'
' '
20:15:27 **** Auto Build of configuration Debug for project TestApp2 ****
make all 
'Building file: ../src/lab2.c'
'Invoking: ARM gcc compiler'
arm-xilinx-eabi-gcc -Wall -O0 -g3 -c -fmessage-length=0 -MT"src/lab2.o" -I../../standalone_bsp_0/ps7_cortexa9_0/include -MMD -MP -MF"src/lab2.d" -MT"src/lab2.d" -o "src/lab2.o" "../src/lab2.c"
In file included from ../src/xutil.h:112:0,
                 from ../src/lab2.c:3:
../../standalone_bsp_0/ps7_cortexa9_0/include/xbasic_types.h:115:2: warning: #warning The xbasics_type.h file is deprecated and users should use xil_types.h and xil_assert. [-Wcpp]
 #warning  The xbasics_type.h file is deprecated and users should use xil_types.h and xil_assert.
  ^
../../standalone_bsp_0/ps7_cortexa9_0/include/xbasic_types.h:116:2: warning: #warning Please refer the Standalone BSP UG647 for further details [-Wcpp]
 #warning  Please refer the Standalone BSP UG647 for further details
  ^
../src/lab2.c: In function 'main':
../src/lab2.c:113:2: error: expected declaration or statement at end of input
  }
  ^
make: *** [src/lab2.o] ´íÎó 1
20:15:42 **** Auto Build of configuration Debug for project TestApp2 ****
make all 
'Building file: ../src/lab2.c'
'Invoking: ARM gcc compiler'
arm-xilinx-eabi-gcc -Wall -O0 -g3 -c -fmessage-length=0 -MT"src/lab2.o" -I../../standalone_bsp_0/ps7_cortexa9_0/include -MMD -MP -MF"src/lab2.d" -MT"src/lab2.d" -o "src/lab2.o" "../src/lab2.c"
In file included from ../src/xutil.h:112:0,
                 from ../src/lab2.c:3:
../../standalone_bsp_0/ps7_cortexa9_0/include/xbasic_types.h:115:2: warning: #warning The xbasics_type.h file is deprecated and users should use xil_types.h and xil_assert. [-Wcpp]
 #warning  The xbasics_type.h file is deprecated and users should use xil_types.h and xil_assert.
  ^
../../standalone_bsp_0/ps7_cortexa9_0/include/xbasic_types.h:116:2: warning: #warning Please refer the Standalone BSP UG647 for further details [-Wcpp]
 #warning  Please refer the Standalone BSP UG647 for further details
  ^
'Finished building: ../src/lab2.c'
' '
'Building target: TestApp2.elf'
'Invoking: ARM gcc linker'
arm-xilinx-eabi-gcc -Wl,-T -Wl,../src/lscript.ld -L../../standalone_bsp_0/ps7_cortexa9_0/lib -o "TestApp2.elf"  ./src/lab2.o   -Wl,--start-group,-lxil,-lgcc,-lc,--end-group
'Finished building target: TestApp2.elf'
' '
'Invoking: ARM Print Size'
arm-xilinx-eabi-size TestApp2.elf  |tee "TestApp2.elf.size"
   text	   data	    bss	    dec	    hex	filename
  25684	   1240	  22580	  49504	   c160	TestApp2.elf
'Finished building: TestApp2.elf.size'
' '
20:17:50 **** Incremental Build of configuration Debug for project TestApp2 ****
make all 
make: Nothing to be done for `all'.
20:19:16 **** Auto Build of configuration Debug for project TestApp2 ****
make all 
'Building file: ../src/lab2.c'
'Invoking: ARM gcc compiler'
arm-xilinx-eabi-gcc -Wall -O0 -g3 -c -fmessage-length=0 -MT"src/lab2.o" -I../../standalone_bsp_0/ps7_cortexa9_0/include -MMD -MP -MF"src/lab2.d" -MT"src/lab2.d" -o "src/lab2.o" "../src/lab2.c"
In file included from ../src/xutil.h:112:0,
                 from ../src/lab2.c:3:
../../standalone_bsp_0/ps7_cortexa9_0/include/xbasic_types.h:115:2: warning: #warning The xbasics_type.h file is deprecated and users should use xil_types.h and xil_assert. [-Wcpp]
 #warning  The xbasics_type.h file is deprecated and users should use xil_types.h and xil_assert.
  ^
../../standalone_bsp_0/ps7_cortexa9_0/include/xbasic_types.h:116:2: warning: #warning Please refer the Standalone BSP UG647 for further details [-Wcpp]
 #warning  Please refer the Standalone BSP UG647 for further details
  ^
'Finished building: ../src/lab2.c'
' '
'Building target: TestApp2.elf'
'Invoking: ARM gcc linker'
arm-xilinx-eabi-gcc -Wl,-T -Wl,../src/lscript.ld -L../../standalone_bsp_0/ps7_cortexa9_0/lib -o "TestApp2.elf"  ./src/lab2.o   -Wl,--start-group,-lxil,-lgcc,-lc,--end-group
'Finished building target: TestApp2.elf'
' '
'Invoking: ARM Print Size'
arm-xilinx-eabi-size TestApp2.elf  |tee "TestApp2.elf.size"
   text	   data	    bss	    dec	    hex	filename
  25620	   1240	  22580	  49440	   c120	TestApp2.elf
'Finished building: TestApp2.elf.size'
' '
20:19:39 **** Incremental Build of configuration Debug for project TestApp2 ****
make all 
make: Nothing to be done for `all'.
20:20:36 **** Incremental Build of configuration Debug for project TestApp2 ****
make all 
make: Nothing to be done for `all'.
20:20:54 **** Incremental Build of configuration Debug for project TestApp2 ****
make all 
make: Nothing to be done for `all'.
20:22:13 **** Incremental Build of configuration Debug for project TestApp2 ****
make all 
make: Nothing to be done for `all'.
20:22:49 **** Incremental Build of configuration Debug for project TestApp2 ****
make all 
make: Nothing to be done for `all'.
21:03:16 **** Auto Build of configuration Debug for project TestApp2 ****
make all 
'Building file: ../src/lab2.c'
'Invoking: ARM gcc compiler'
arm-xilinx-eabi-gcc -Wall -O0 -g3 -c -fmessage-length=0 -MT"src/lab2.o" -I../../standalone_bsp_0/ps7_cortexa9_0/include -MMD -MP -MF"src/lab2.d" -MT"src/lab2.d" -o "src/lab2.o" "../src/lab2.c"
In file included from ../src/xutil.h:112:0,
                 from ../src/lab2.c:3:
../../standalone_bsp_0/ps7_cortexa9_0/include/xbasic_types.h:115:2: warning: #warning The xbasics_type.h file is deprecated and users should use xil_types.h and xil_assert. [-Wcpp]
 #warning  The xbasics_type.h file is deprecated and users should use xil_types.h and xil_assert.
  ^
../../standalone_bsp_0/ps7_cortexa9_0/include/xbasic_types.h:116:2: warning: #warning Please refer the Standalone BSP UG647 for further details [-Wcpp]
 #warning  Please refer the Standalone BSP UG647 for further details
  ^
../src/lab2.c: In function 'main':
../src/lab2.c:9:9: warning: unused variable 'psb_check' [-Wunused-variable]
     int psb_check;
         ^
'Finished building: ../src/lab2.c'
' '
'Building target: TestApp2.elf'
'Invoking: ARM gcc linker'
arm-xilinx-eabi-gcc -Wl,-T -Wl,../src/lscript.ld -L../../standalone_bsp_0/ps7_cortexa9_0/lib -o "TestApp2.elf"  ./src/lab2.o   -Wl,--start-group,-lxil,-lgcc,-lc,--end-group
'Finished building target: TestApp2.elf'
' '
'Invoking: ARM Print Size'
arm-xilinx-eabi-size TestApp2.elf  |tee "TestApp2.elf.size"
   text	   data	    bss	    dec	    hex	filename
  23832	   1192	  22564	  47588	   b9e4	TestApp2.elf
'Finished building: TestApp2.elf.size'
' '
21:04:31 **** Incremental Build of configuration Debug for project TestApp2 ****
make all 
make: Nothing to be done for `all'.
21:19:39 **** Incremental Build of configuration Debug for project TestApp2 ****
make all 
make: Nothing to be done for `all'.
21:28:27 **** Auto Build of configuration Debug for project TestApp2 ****
make all 
'Building file: ../src/lab2.c'
'Invoking: ARM gcc compiler'
arm-xilinx-eabi-gcc -Wall -O0 -g3 -c -fmessage-length=0 -MT"src/lab2.o" -I../../standalone_bsp_0/ps7_cortexa9_0/include -MMD -MP -MF"src/lab2.d" -MT"src/lab2.d" -o "src/lab2.o" "../src/lab2.c"
In file included from ../src/xutil.h:112:0,
                 from ../src/lab2.c:3:
../../standalone_bsp_0/ps7_cortexa9_0/include/xbasic_types.h:115:2: warning: #warning The xbasics_type.h file is deprecated and users should use xil_types.h and xil_assert. [-Wcpp]
 #warning  The xbasics_type.h file is deprecated and users should use xil_types.h and xil_assert.
  ^
../../standalone_bsp_0/ps7_cortexa9_0/include/xbasic_types.h:116:2: warning: #warning Please refer the Standalone BSP UG647 for further details [-Wcpp]
 #warning  Please refer the Standalone BSP UG647 for further details
  ^
../src/lab2.c: In function 'main':
../src/lab2.c:132:1: warning: control reaches end of non-void function [-Wreturn-type]
 }
 ^
'Finished building: ../src/lab2.c'
' '
'Building target: TestApp2.elf'
'Invoking: ARM gcc linker'
arm-xilinx-eabi-gcc -Wl,-T -Wl,../src/lscript.ld -L../../standalone_bsp_0/ps7_cortexa9_0/lib -o "TestApp2.elf"  ./src/lab2.o   -Wl,--start-group,-lxil,-lgcc,-lc,--end-group
'Finished building target: TestApp2.elf'
' '
'Invoking: ARM Print Size'
arm-xilinx-eabi-size TestApp2.elf  |tee "TestApp2.elf.size"
   text	   data	    bss	    dec	    hex	filename
  26196	   1240	  22580	  50016	   c360	TestApp2.elf
'Finished building: TestApp2.elf.size'
' '
21:29:36 **** Incremental Build of configuration Debug for project TestApp2 ****
make all 
make: Nothing to be done for `all'.
21:29:54 **** Incremental Build of configuration Debug for project TestApp2 ****
make all 
make: Nothing to be done for `all'.
21:30:37 **** Incremental Build of configuration Debug for project TestApp2 ****
make all 
make: Nothing to be done for `all'.
21:32:12 **** Auto Build of configuration Debug for project TestApp2 ****
make all 
'Building file: ../src/lab2.c'
'Invoking: ARM gcc compiler'
arm-xilinx-eabi-gcc -Wall -O0 -g3 -c -fmessage-length=0 -MT"src/lab2.o" -I../../standalone_bsp_0/ps7_cortexa9_0/include -MMD -MP -MF"src/lab2.d" -MT"src/lab2.d" -o "src/lab2.o" "../src/lab2.c"
In file included from ../src/xutil.h:112:0,
                 from ../src/lab2.c:3:
../../standalone_bsp_0/ps7_cortexa9_0/include/xbasic_types.h:115:2: warning: #warning The xbasics_type.h file is deprecated and users should use xil_types.h and xil_assert. [-Wcpp]
 #warning  The xbasics_type.h file is deprecated and users should use xil_types.h and xil_assert.
  ^
../../standalone_bsp_0/ps7_cortexa9_0/include/xbasic_types.h:116:2: warning: #warning Please refer the Standalone BSP UG647 for further details [-Wcpp]
 #warning  Please refer the Standalone BSP UG647 for further details
  ^
'Finished building: ../src/lab2.c'
' '
'Building target: TestApp2.elf'
'Invoking: ARM gcc linker'
arm-xilinx-eabi-gcc -Wl,-T -Wl,../src/lscript.ld -L../../standalone_bsp_0/ps7_cortexa9_0/lib -o "TestApp2.elf"  ./src/lab2.o   -Wl,--start-group,-lxil,-lgcc,-lc,--end-group
'Finished building target: TestApp2.elf'
' '
'Invoking: ARM Print Size'
arm-xilinx-eabi-size TestApp2.elf  |tee "TestApp2.elf.size"
   text	   data	    bss	    dec	    hex	filename
  26196	   1240	  22580	  50016	   c360	TestApp2.elf
'Finished building: TestApp2.elf.size'
' '
21:32:54 **** Incremental Build of configuration Debug for project TestApp2 ****
make all 
make: Nothing to be done for `all'.
21:53:04 **** Auto Build of configuration Debug for project TestApp2 ****
make all 
make: Nothing to be done for `all'.
21:53:09 **** Clean-only build of configuration Debug for project TestApp2 ****
make clean 
rm -rf  ./src/lab2.o  ./src/lab2.d  TestApp2.elf.size  TestApp2.elf
' '
21:53:20 **** Auto Build of configuration Debug for project TestApp2 ****
make all 
'Building file: ../src/lab2.c'
'Invoking: ARM gcc compiler'
arm-xilinx-eabi-gcc -Wall -O0 -g3 -c -fmessage-length=0 -MT"src/lab2.o" -I../../standalone_bsp_0/ps7_cortexa9_0/include -MMD -MP -MF"src/lab2.d" -MT"src/lab2.d" -o "src/lab2.o" "../src/lab2.c"
In file included from ../src/xutil.h:112:0,
                 from ../src/lab2.c:3:
../../standalone_bsp_0/ps7_cortexa9_0/include/xbasic_types.h:115:2: warning: #warning The xbasics_type.h file is deprecated and users should use xil_types.h and xil_assert. [-Wcpp]
 #warning  The xbasics_type.h file is deprecated and users should use xil_types.h and xil_assert.
  ^
../../standalone_bsp_0/ps7_cortexa9_0/include/xbasic_types.h:116:2: warning: #warning Please refer the Standalone BSP UG647 for further details [-Wcpp]
 #warning  Please refer the Standalone BSP UG647 for further details
  ^
'Finished building: ../src/lab2.c'
' '
'Building target: TestApp2.elf'
'Invoking: ARM gcc linker'
arm-xilinx-eabi-gcc -Wl,-T -Wl,../src/lscript.ld -L../../standalone_bsp_0/ps7_cortexa9_0/lib -o "TestApp2.elf"  ./src/lab2.o   -Wl,--start-group,-lxil,-lgcc,-lc,--end-group
'Finished building target: TestApp2.elf'
' '
'Invoking: ARM Print Size'
arm-xilinx-eabi-size TestApp2.elf  |tee "TestApp2.elf.size"
   text	   data	    bss	    dec	    hex	filename
  26196	   1240	  22580	  50016	   c360	TestApp2.elf
'Finished building: TestApp2.elf.size'
' '
22:38:59 **** Auto Build of configuration Debug for project TestApp2 ****
make all 
'Building file: ../src/lab2.c'
'Invoking: ARM gcc compiler'
arm-xilinx-eabi-gcc -Wall -O0 -g3 -c -fmessage-length=0 -MT"src/lab2.o" -I../../standalone_bsp_0/ps7_cortexa9_0/include -MMD -MP -MF"src/lab2.d" -MT"src/lab2.d" -o "src/lab2.o" "../src/lab2.c"
In file included from ../src/xutil.h:112:0,
                 from ../src/lab2.c:3:
../../standalone_bsp_0/ps7_cortexa9_0/include/xbasic_types.h:115:2: warning: #warning The xbasics_type.h file is deprecated and users should use xil_types.h and xil_assert. [-Wcpp]
 #warning  The xbasics_type.h file is deprecated and users should use xil_types.h and xil_assert.
  ^
../../standalone_bsp_0/ps7_cortexa9_0/include/xbasic_types.h:116:2: warning: #warning Please refer the Standalone BSP UG647 for further details [-Wcpp]
 #warning  Please refer the Standalone BSP UG647 for further details
  ^
../src/lab2.c: In function 'main':
../src/lab2.c:132:1: warning: control reaches end of non-void function [-Wreturn-type]
 }
 ^
'Finished building: ../src/lab2.c'
' '
'Building target: TestApp2.elf'
'Invoking: ARM gcc linker'
arm-xilinx-eabi-gcc -Wl,-T -Wl,../src/lscript.ld -L../../standalone_bsp_0/ps7_cortexa9_0/lib -o "TestApp2.elf"  ./src/lab2.o   -Wl,--start-group,-lxil,-lgcc,-lc,--end-group
'Finished building target: TestApp2.elf'
' '
'Invoking: ARM Print Size'
arm-xilinx-eabi-size TestApp2.elf  |tee "TestApp2.elf.size"
   text	   data	    bss	    dec	    hex	filename
  25172	   1240	  22580	  48992	   bf60	TestApp2.elf
'Finished building: TestApp2.elf.size'
' '
22:39:52 **** Incremental Build of configuration Debug for project TestApp2 ****
make all 
make: Nothing to be done for `all'.
22:40:30 **** Auto Build of configuration Debug for project TestApp2 ****
make all 
'Building file: ../src/lab2.c'
'Invoking: ARM gcc compiler'
arm-xilinx-eabi-gcc -Wall -O0 -g3 -c -fmessage-length=0 -MT"src/lab2.o" -I../../standalone_bsp_0/ps7_cortexa9_0/include -MMD -MP -MF"src/lab2.d" -MT"src/lab2.d" -o "src/lab2.o" "../src/lab2.c"
In file included from ../src/xutil.h:112:0,
                 from ../src/lab2.c:3:
../../standalone_bsp_0/ps7_cortexa9_0/include/xbasic_types.h:115:2: warning: #warning The xbasics_type.h file is deprecated and users should use xil_types.h and xil_assert. [-Wcpp]
 #warning  The xbasics_type.h file is deprecated and users should use xil_types.h and xil_assert.
  ^
../../standalone_bsp_0/ps7_cortexa9_0/include/xbasic_types.h:116:2: warning: #warning Please refer the Standalone BSP UG647 for further details [-Wcpp]
 #warning  Please refer the Standalone BSP UG647 for further details
  ^
'Finished building: ../src/lab2.c'
' '
'Building target: TestApp2.elf'
'Invoking: ARM gcc linker'
arm-xilinx-eabi-gcc -Wl,-T -Wl,../src/lscript.ld -L../../standalone_bsp_0/ps7_cortexa9_0/lib -o "TestApp2.elf"  ./src/lab2.o   -Wl,--start-group,-lxil,-lgcc,-lc,--end-group
'Finished building target: TestApp2.elf'
' '
'Invoking: ARM Print Size'
arm-xilinx-eabi-size TestApp2.elf  |tee "TestApp2.elf.size"
   text	   data	    bss	    dec	    hex	filename
  25108	   1240	  22580	  48928	   bf20	TestApp2.elf
'Finished building: TestApp2.elf.size'
' '
22:42:17 **** Incremental Build of configuration Debug for project TestApp2 ****
make all 
make: Nothing to be done for `all'.
23:32:31 **** Auto Build of configuration Debug for project TestApp2 ****
make all 
'Building file: ../src/lab2.c'
'Invoking: ARM gcc compiler'
arm-xilinx-eabi-gcc -Wall -O0 -g3 -c -fmessage-length=0 -MT"src/lab2.o" -I../../standalone_bsp_0/ps7_cortexa9_0/include -MMD -MP -MF"src/lab2.d" -MT"src/lab2.d" -o "src/lab2.o" "../src/lab2.c"
In file included from ../src/xutil.h:112:0,
                 from ../src/lab2.c:3:
../../standalone_bsp_0/ps7_cortexa9_0/include/xbasic_types.h:115:2: warning: #warning The xbasics_type.h file is deprecated and users should use xil_types.h and xil_assert. [-Wcpp]
 #warning  The xbasics_type.h file is deprecated and users should use xil_types.h and xil_assert.
  ^
../../standalone_bsp_0/ps7_cortexa9_0/include/xbasic_types.h:116:2: warning: #warning Please refer the Standalone BSP UG647 for further details [-Wcpp]
 #warning  Please refer the Standalone BSP UG647 for further details
  ^
../src/lab2.c: In function 'main':
../src/lab2.c:48:5: warning: implicit declaration of function 'shiftOut' [-Wimplicit-function-declaration]
     shiftOut(&dip,3,2,~(1<<i));
     ^
../src/lab2.c:61:17: warning: 'j' may be used uninitialized in this function [-Wmaybe-uninitialized]
         if( (~(1<<j)) & (1<<i))
                 ^
'Finished building: ../src/lab2.c'
' '
'Building target: TestApp2.elf'
'Invoking: ARM gcc linker'
arm-xilinx-eabi-gcc -Wl,-T -Wl,../src/lscript.ld -L../../standalone_bsp_0/ps7_cortexa9_0/lib -o "TestApp2.elf"  ./src/lab2.o   -Wl,--start-group,-lxil,-lgcc,-lc,--end-group
./src/lab2.o: In function `main':
E:\university\learning\try_2\try_2.sdk\TestApp2\Debug/../src/lab2.c:48: undefined reference to `shiftOut'
E:\university\learning\try_2\try_2.sdk\TestApp2\Debug/../src/lab2.c:87: undefined reference to `shiftOut'
collect2.exe: error: ld returned 1 exit status
make: *** [TestApp2.elf] ´íÎó 1
23:33:03 **** Auto Build of configuration Debug for project TestApp2 ****
make all 
'Building file: ../src/lab2.c'
'Invoking: ARM gcc compiler'
arm-xilinx-eabi-gcc -Wall -O0 -g3 -c -fmessage-length=0 -MT"src/lab2.o" -I../../standalone_bsp_0/ps7_cortexa9_0/include -MMD -MP -MF"src/lab2.d" -MT"src/lab2.d" -o "src/lab2.o" "../src/lab2.c"
In file included from ../src/xutil.h:112:0,
                 from ../src/lab2.c:3:
../../standalone_bsp_0/ps7_cortexa9_0/include/xbasic_types.h:115:2: warning: #warning The xbasics_type.h file is deprecated and users should use xil_types.h and xil_assert. [-Wcpp]
 #warning  The xbasics_type.h file is deprecated and users should use xil_types.h and xil_assert.
  ^
../../standalone_bsp_0/ps7_cortexa9_0/include/xbasic_types.h:116:2: warning: #warning Please refer the Standalone BSP UG647 for further details [-Wcpp]
 #warning  Please refer the Standalone BSP UG647 for further details
  ^
../src/lab2.c: In function 'main':
../src/lab2.c:48:5: warning: implicit declaration of function 'shiftOut' [-Wimplicit-function-declaration]
     shiftOut(&dip,3,2,~(1<<i));
     ^
'Finished building: ../src/lab2.c'
' '
'Building target: TestApp2.elf'
'Invoking: ARM gcc linker'
arm-xilinx-eabi-gcc -Wl,-T -Wl,../src/lscript.ld -L../../standalone_bsp_0/ps7_cortexa9_0/lib -o "TestApp2.elf"  ./src/lab2.o   -Wl,--start-group,-lxil,-lgcc,-lc,--end-group
./src/lab2.o: In function `main':
E:\university\learning\try_2\try_2.sdk\TestApp2\Debug/../src/lab2.c:48: undefined reference to `shiftOut'
E:\university\learning\try_2\try_2.sdk\TestApp2\Debug/../src/lab2.c:87: undefined reference to `shiftOut'
collect2.exe: error: ld returned 1 exit status
make: *** [TestApp2.elf] ´íÎó 1
23:33:22 **** Auto Build of configuration Debug for project TestApp2 ****
make all 
'Building file: ../src/lab2.c'
'Invoking: ARM gcc compiler'
arm-xilinx-eabi-gcc -Wall -O0 -g3 -c -fmessage-length=0 -MT"src/lab2.o" -I../../standalone_bsp_0/ps7_cortexa9_0/include -MMD -MP -MF"src/lab2.d" -MT"src/lab2.d" -o "src/lab2.o" "../src/lab2.c"
In file included from ../src/xutil.h:112:0,
                 from ../src/lab2.c:3:
../../standalone_bsp_0/ps7_cortexa9_0/include/xbasic_types.h:115:2: warning: #warning The xbasics_type.h file is deprecated and users should use xil_types.h and xil_assert. [-Wcpp]
 #warning  The xbasics_type.h file is deprecated and users should use xil_types.h and xil_assert.
  ^
../../standalone_bsp_0/ps7_cortexa9_0/include/xbasic_types.h:116:2: warning: #warning Please refer the Standalone BSP UG647 for further details [-Wcpp]
 #warning  Please refer the Standalone BSP UG647 for further details
  ^
../src/lab2.c: In function 'main':
../src/lab2.c:87:5: warning: implicit declaration of function 'shiftOut' [-Wimplicit-function-declaration]
     shiftOut(&dip,3,2,faceDate[i]);
     ^
'Finished building: ../src/lab2.c'
' '
'Building target: TestApp2.elf'
'Invoking: ARM gcc linker'
arm-xilinx-eabi-gcc -Wl,-T -Wl,../src/lscript.ld -L../../standalone_bsp_0/ps7_cortexa9_0/lib -o "TestApp2.elf"  ./src/lab2.o   -Wl,--start-group,-lxil,-lgcc,-lc,--end-group
./src/lab2.o: In function `main':
E:\university\learning\try_2\try_2.sdk\TestApp2\Debug/../src/lab2.c:87: undefined reference to `shiftOut'
collect2.exe: error: ld returned 1 exit status
make: *** [TestApp2.elf] ´íÎó 1
23:42:42 **** Auto Build of configuration Debug for project TestApp2 ****
make all 
'Building file: ../src/lab2.c'
'Invoking: ARM gcc compiler'
arm-xilinx-eabi-gcc -Wall -O0 -g3 -c -fmessage-length=0 -MT"src/lab2.o" -I../../standalone_bsp_0/ps7_cortexa9_0/include -MMD -MP -MF"src/lab2.d" -MT"src/lab2.d" -o "src/lab2.o" "../src/lab2.c"
In file included from ../src/xutil.h:112:0,
                 from ../src/lab2.c:3:
../../standalone_bsp_0/ps7_cortexa9_0/include/xbasic_types.h:115:2: warning: #warning The xbasics_type.h file is deprecated and users should use xil_types.h and xil_assert. [-Wcpp]
 #warning  The xbasics_type.h file is deprecated and users should use xil_types.h and xil_assert.
  ^
../../standalone_bsp_0/ps7_cortexa9_0/include/xbasic_types.h:116:2: warning: #warning Please refer the Standalone BSP UG647 for further details [-Wcpp]
 #warning  Please refer the Standalone BSP UG647 for further details
  ^
'Finished building: ../src/lab2.c'
' '
'Building target: TestApp2.elf'
'Invoking: ARM gcc linker'
arm-xilinx-eabi-gcc -Wl,-T -Wl,../src/lscript.ld -L../../standalone_bsp_0/ps7_cortexa9_0/lib -o "TestApp2.elf"  ./src/lab2.o   -Wl,--start-group,-lxil,-lgcc,-lc,--end-group
'Finished building target: TestApp2.elf'
' '
'Invoking: ARM Print Size'
arm-xilinx-eabi-size TestApp2.elf  |tee "TestApp2.elf.size"
   text	   data	    bss	    dec	    hex	filename
  26196	   1240	  22580	  50016	   c360	TestApp2.elf
'Finished building: TestApp2.elf.size'
' '
23:53:36 **** Auto Build of configuration Debug for project TestApp2 ****
make all 
'Building file: ../src/lab2.c'
'Invoking: ARM gcc compiler'
arm-xilinx-eabi-gcc -Wall -O0 -g3 -c -fmessage-length=0 -MT"src/lab2.o" -I../../standalone_bsp_0/ps7_cortexa9_0/include -MMD -MP -MF"src/lab2.d" -MT"src/lab2.d" -o "src/lab2.o" "../src/lab2.c"
In file included from ../src/xutil.h:112:0,
                 from ../src/lab2.c:3:
../../standalone_bsp_0/ps7_cortexa9_0/include/xbasic_types.h:115:2: warning: #warning The xbasics_type.h file is deprecated and users should use xil_types.h and xil_assert. [-Wcpp]
 #warning  The xbasics_type.h file is deprecated and users should use xil_types.h and xil_assert.
  ^
../../standalone_bsp_0/ps7_cortexa9_0/include/xbasic_types.h:116:2: warning: #warning Please refer the Standalone BSP UG647 for further details [-Wcpp]
 #warning  Please refer the Standalone BSP UG647 for further details
  ^
'Finished building: ../src/lab2.c'
' '
'Building target: TestApp2.elf'
'Invoking: ARM gcc linker'
arm-xilinx-eabi-gcc -Wl,-T -Wl,../src/lscript.ld -L../../standalone_bsp_0/ps7_cortexa9_0/lib -o "TestApp2.elf"  ./src/lab2.o   -Wl,--start-group,-lxil,-lgcc,-lc,--end-group
'Finished building target: TestApp2.elf'
' '
'Invoking: ARM Print Size'
arm-xilinx-eabi-size TestApp2.elf  |tee "TestApp2.elf.size"
   text	   data	    bss	    dec	    hex	filename
  26196	   1240	  22580	  50016	   c360	TestApp2.elf
'Finished building: TestApp2.elf.size'
' '
08:54:01 **** Auto Build of configuration Debug for project TestApp2 ****
make all 
'Building file: ../src/lab2.c'
'Invoking: ARM gcc compiler'
arm-xilinx-eabi-gcc -Wall -O0 -g3 -c -fmessage-length=0 -MT"src/lab2.o" -I../../standalone_bsp_0/ps7_cortexa9_0/include -MMD -MP -MF"src/lab2.d" -MT"src/lab2.d" -o "src/lab2.o" "../src/lab2.c"
In file included from ../src/xutil.h:112:0,
                 from ../src/lab2.c:3:
../../standalone_bsp_0/ps7_cortexa9_0/include/xbasic_types.h:115:2: warning: #warning The xbasics_type.h file is deprecated and users should use xil_types.h and xil_assert. [-Wcpp]
 #warning  The xbasics_type.h file is deprecated and users should use xil_types.h and xil_assert.
  ^
../../standalone_bsp_0/ps7_cortexa9_0/include/xbasic_types.h:116:2: warning: #warning Please refer the Standalone BSP UG647 for further details [-Wcpp]
 #warning  Please refer the Standalone BSP UG647 for further details
  ^
../src/lab2.c:14:21: error: unknown type name 'a'
 shiftOut(XGpio *mm, a, b, u32 c)
                     ^
../src/lab2.c:14:24: error: unknown type name 'b'
 shiftOut(XGpio *mm, a, b, u32 c)
                        ^
../src/lab2.c: In function 'main':
../src/lab2.c:65:5: warning: implicit declaration of function 'shiftOut' [-Wimplicit-function-declaration]
     shiftOut(&dip,3,2,~(1<<j));
     ^
../src/lab2.c:56:6: warning: unused variable 'i' [-Wunused-variable]
  int i,j;
      ^
../src/lab2.c:50:6: warning: variable 'psb_check' set but not used [-Wunused-but-set-variable]
  int psb_check;
      ^
make: *** [src/lab2.o] ´íÎó 1
08:54:32 **** Auto Build of configuration Debug for project TestApp2 ****
make all 
'Building file: ../src/lab2.c'
'Invoking: ARM gcc compiler'
arm-xilinx-eabi-gcc -Wall -O0 -g3 -c -fmessage-length=0 -MT"src/lab2.o" -I../../standalone_bsp_0/ps7_cortexa9_0/include -MMD -MP -MF"src/lab2.d" -MT"src/lab2.d" -o "src/lab2.o" "../src/lab2.c"
In file included from ../src/xutil.h:112:0,
                 from ../src/lab2.c:3:
../../standalone_bsp_0/ps7_cortexa9_0/include/xbasic_types.h:115:2: warning: #warning The xbasics_type.h file is deprecated and users should use xil_types.h and xil_assert. [-Wcpp]
 #warning  The xbasics_type.h file is deprecated and users should use xil_types.h and xil_assert.
  ^
../../standalone_bsp_0/ps7_cortexa9_0/include/xbasic_types.h:116:2: warning: #warning Please refer the Standalone BSP UG647 for further details [-Wcpp]
 #warning  Please refer the Standalone BSP UG647 for further details
  ^
../src/lab2.c:14:1: warning: return type defaults to 'int' [-Wreturn-type]
 shiftOut(XGpio *mm,int  a,int  b, u32 c)
 ^
../src/lab2.c: In function 'main':
../src/lab2.c:56:6: warning: unused variable 'i' [-Wunused-variable]
  int i,j;
      ^
../src/lab2.c:50:6: warning: variable 'psb_check' set but not used [-Wunused-but-set-variable]
  int psb_check;
      ^
../src/lab2.c: In function 'shiftOut':
../src/lab2.c:45:1: warning: control reaches end of non-void function [-Wreturn-type]
 }
 ^
'Finished building: ../src/lab2.c'
' '
'Building target: TestApp2.elf'
'Invoking: ARM gcc linker'
arm-xilinx-eabi-gcc -Wl,-T -Wl,../src/lscript.ld -L../../standalone_bsp_0/ps7_cortexa9_0/lib -o "TestApp2.elf"  ./src/lab2.o   -Wl,--start-group,-lxil,-lgcc,-lc,--end-group
'Finished building target: TestApp2.elf'
' '
'Invoking: ARM Print Size'
arm-xilinx-eabi-size TestApp2.elf  |tee "TestApp2.elf.size"
   text	   data	    bss	    dec	    hex	filename
  21848	   1232	  22580	  45660	   b25c	TestApp2.elf
'Finished building: TestApp2.elf.size'
' '
08:54:58 **** Auto Build of configuration Debug for project TestApp2 ****
make all 
'Building file: ../src/lab2.c'
'Invoking: ARM gcc compiler'
arm-xilinx-eabi-gcc -Wall -O0 -g3 -c -fmessage-length=0 -MT"src/lab2.o" -I../../standalone_bsp_0/ps7_cortexa9_0/include -MMD -MP -MF"src/lab2.d" -MT"src/lab2.d" -o "src/lab2.o" "../src/lab2.c"
In file included from ../src/xutil.h:112:0,
                 from ../src/lab2.c:3:
../../standalone_bsp_0/ps7_cortexa9_0/include/xbasic_types.h:115:2: warning: #warning The xbasics_type.h file is deprecated and users should use xil_types.h and xil_assert. [-Wcpp]
 #warning  The xbasics_type.h file is deprecated and users should use xil_types.h and xil_assert.
  ^
../../standalone_bsp_0/ps7_cortexa9_0/include/xbasic_types.h:116:2: warning: #warning Please refer the Standalone BSP UG647 for further details [-Wcpp]
 #warning  Please refer the Standalone BSP UG647 for further details
  ^
../src/lab2.c: In function 'main':
../src/lab2.c:56:6: warning: unused variable 'i' [-Wunused-variable]
  int i,j;
      ^
../src/lab2.c:50:6: warning: variable 'psb_check' set but not used [-Wunused-but-set-variable]
  int psb_check;
      ^
'Finished building: ../src/lab2.c'
' '
'Building target: TestApp2.elf'
'Invoking: ARM gcc linker'
arm-xilinx-eabi-gcc -Wl,-T -Wl,../src/lscript.ld -L../../standalone_bsp_0/ps7_cortexa9_0/lib -o "TestApp2.elf"  ./src/lab2.o   -Wl,--start-group,-lxil,-lgcc,-lc,--end-group
'Finished building target: TestApp2.elf'
' '
'Invoking: ARM Print Size'
arm-xilinx-eabi-size TestApp2.elf  |tee "TestApp2.elf.size"
   text	   data	    bss	    dec	    hex	filename
  21844	   1232	  22580	  45656	   b258	TestApp2.elf
'Finished building: TestApp2.elf.size'
' '
08:55:18 **** Auto Build of configuration Debug for project TestApp2 ****
make all 
'Building file: ../src/lab2.c'
'Invoking: ARM gcc compiler'
[...]
  show_string(7,0,"      SH",&b,&s);
  ^
../src/lab2.c:234:2: warning: implicit declaration of function 'show_number' [-Wimplicit-function-declaration]
  show_number(0,12,Score,&b,&s);
  ^
../src/lab2.c:280:4: warning: implicit declaration of function 'display_once' [-Wimplicit-function-declaration]
    display_once(GameMapBit,&s);
    ^
../src/lab2.c: At top level:
../src/lab2.c:562:6: warning: conflicting types for 'display_once'
 void display_once(u32 mypicture[], XGpio *nn)
      ^
../src/lab2.c:280:4: note: previous implicit declaration of 'display_once' was here
    display_once(GameMapBit,&s);
    ^
../src/lab2.c: In function 'moveILOVEU':
../src/lab2.c:742:19: error: 'i10Date' undeclared (first use in this function)
      display_once(i10Date,ll);
                   ^
../src/lab2.c:742:19: note: each undeclared identifier is reported only once for each function it appears in
../src/lab2.c: At top level:
../src/lab2.c:1159:6: warning: conflicting types for 'show_string'
 void show_string(unsigned char p, unsigned char l,char  *string, XGpio *b,XGpio *s)   //ÔÚµÚpÒ³µÄlÁÐ
      ^
../src/lab2.c:226:2: note: previous implicit declaration of 'show_string' was here
  show_string(7,0,"      SH",&b,&s);
  ^
../src/lab2.c:1171:6: warning: conflicting types for 'show_number'
 void show_number(unsigned char p, unsigned char l,unsigned int d, XGpio *b,XGpio *s)   //ÔÚµÚpÒ³µÄlÁÐ
      ^
../src/lab2.c:234:2: note: previous implicit declaration of 'show_number' was here
  show_number(0,12,Score,&b,&s);
  ^
make: *** [src/lab2.o] ´íÎó 1
20:05:21 **** Auto Build of configuration Debug for project TestApp2 ****
make all 
'Building file: ../src/lab2.c'
'Invoking: ARM gcc compiler'
arm-xilinx-eabi-gcc -Wall -O0 -g3 -c -fmessage-length=0 -MT"src/lab2.o" -I../../standalone_bsp_0/ps7_cortexa9_0/include -MMD -MP -MF"src/lab2.d" -MT"src/lab2.d" -o "src/lab2.o" "../src/lab2.c"
In file included from ../src/xutil.h:112:0,
                 from ../src/lab2.c:3:
../../standalone_bsp_0/ps7_cortexa9_0/include/xbasic_types.h:115:2: warning: #warning The xbasics_type.h file is deprecated and users should use xil_types.h and xil_assert. [-Wcpp]
 #warning  The xbasics_type.h file is deprecated and users should use xil_types.h and xil_assert.
  ^
../../standalone_bsp_0/ps7_cortexa9_0/include/xbasic_types.h:116:2: warning: #warning Please refer the Standalone BSP UG647 for further details [-Wcpp]
 #warning  Please refer the Standalone BSP UG647 for further details
  ^
../src/lab2.c: In function 'Initial':
../src/lab2.c:226:2: warning: implicit declaration of function 'show_string' [-Wimplicit-function-declaration]
  show_string(7,0,"      SH",&b,&s);
  ^
../src/lab2.c:234:2: warning: implicit declaration of function 'show_number' [-Wimplicit-function-declaration]
  show_number(0,12,Score,&b,&s);
  ^
../src/lab2.c:280:4: warning: implicit declaration of function 'display_once' [-Wimplicit-function-declaration]
    display_once(GameMapBit,&s);
    ^
../src/lab2.c: At top level:
../src/lab2.c:562:6: warning: conflicting types for 'display_once'
 void display_once(u32 mypicture[], XGpio *nn)
      ^
../src/lab2.c:280:4: note: previous implicit declaration of 'display_once' was here
    display_once(GameMapBit,&s);
    ^
../src/lab2.c: In function 'moveILOVEU':
../src/lab2.c:742:19: error: 'i10Date' undeclared (first use in this function)
      display_once(i10Date,ll);
                   ^
../src/lab2.c:742:19: note: each undeclared identifier is reported only once for each function it appears in
../src/lab2.c: At top level:
../src/lab2.c:1159:6: warning: conflicting types for 'show_string'
 void show_string(unsigned char p, unsigned char l,char  *string, XGpio *b,XGpio *s)   //ÔÚµÚpÒ³µÄlÁÐ
      ^
../src/lab2.c:226:2: note: previous implicit declaration of 'show_string' was here
  show_string(7,0,"      SH",&b,&s);
  ^
../src/lab2.c:1171:6: warning: conflicting types for 'show_number'
 void show_number(unsigned char p, unsigned char l,unsigned int d, XGpio *b,XGpio *s)   //ÔÚµÚpÒ³µÄlÁÐ
      ^
../src/lab2.c:234:2: note: previous implicit declaration of 'show_number' was here
  show_number(0,12,Score,&b,&s);
  ^
make: *** [src/lab2.o] ´íÎó 1
20:06:04 **** Auto Build of configuration Debug for project TestApp2 ****
make all 
'Building file: ../src/lab2.c'
'Invoking: ARM gcc compiler'
arm-xilinx-eabi-gcc -Wall -O0 -g3 -c -fmessage-length=0 -MT"src/lab2.o" -I../../standalone_bsp_0/ps7_cortexa9_0/include -MMD -MP -MF"src/lab2.d" -MT"src/lab2.d" -o "src/lab2.o" "../src/lab2.c"
In file included from ../src/xutil.h:112:0,
                 from ../src/lab2.c:3:
../../standalone_bsp_0/ps7_cortexa9_0/include/xbasic_types.h:115:2: warning: #warning The xbasics_type.h file is deprecated and users should use xil_types.h and xil_assert. [-Wcpp]
 #warning  The xbasics_type.h file is deprecated and users should use xil_types.h and xil_assert.
  ^
../../standalone_bsp_0/ps7_cortexa9_0/include/xbasic_types.h:116:2: warning: #warning Please refer the Standalone BSP UG647 for further details [-Wcpp]
 #warning  Please refer the Standalone BSP UG647 for further details
  ^
../src/lab2.c: In function 'Initial':
../src/lab2.c:226:2: warning: implicit declaration of function 'show_string' [-Wimplicit-function-declaration]
  show_string(7,0,"      SH",&b,&s);
  ^
../src/lab2.c:234:2: warning: implicit declaration of function 'show_number' [-Wimplicit-function-declaration]
  show_number(0,12,Score,&b,&s);
  ^
../src/lab2.c:280:4: warning: implicit declaration of function 'display_once' [-Wimplicit-function-declaration]
    display_once(GameMapBit,&s);
    ^
../src/lab2.c: At top level:
../src/lab2.c:562:6: warning: conflicting types for 'display_once'
 void display_once(u32 mypicture[], XGpio *nn)
      ^
../src/lab2.c:280:4: note: previous implicit declaration of 'display_once' was here
    display_once(GameMapBit,&s);
    ^
../src/lab2.c:1159:6: warning: conflicting types for 'show_string'
 void show_string(unsigned char p, unsigned char l,char  *string, XGpio *b,XGpio *s)   //ÔÚµÚpÒ³µÄlÁÐ
      ^
../src/lab2.c:226:2: note: previous implicit declaration of 'show_string' was here
  show_string(7,0,"      SH",&b,&s);
  ^
../src/lab2.c:1171:6: warning: conflicting types for 'show_number'
 void show_number(unsigned char p, unsigned char l,unsigned int d, XGpio *b,XGpio *s)   //ÔÚµÚpÒ³µÄlÁÐ
      ^
../src/lab2.c:234:2: note: previous implicit declaration of 'show_number' was here
  show_number(0,12,Score,&b,&s);
  ^
'Finished building: ../src/lab2.c'
' '
'Building target: TestApp2.elf'
'Invoking: ARM gcc linker'
arm-xilinx-eabi-gcc -Wl,-T -Wl,../src/lscript.ld -L../../standalone_bsp_0/ps7_cortexa9_0/lib -o "TestApp2.elf"  ./src/lab2.o   -Wl,--start-group,-lxil,-lgcc,-lc,--end-group
'Finished building target: TestApp2.elf'
' '
'Invoking: ARM Print Size'
arm-xilinx-eabi-size TestApp2.elf  |tee "TestApp2.elf.size"
   text	   data	    bss	    dec	    hex	filename
  39048	   2272	  23780	  65100	   fe4c	TestApp2.elf
'Finished building: TestApp2.elf.size'
' '
20:07:00 **** Incremental Build of configuration Debug for project TestApp2 ****
make all 
make: Nothing to be done for `all'.
20:07:37 **** Auto Build of configuration Debug for project TestApp2 ****
make all 
'Building file: ../src/lab2.c'
'Invoking: ARM gcc compiler'
arm-xilinx-eabi-gcc -Wall -O0 -g3 -c -fmessage-length=0 -MT"src/lab2.o" -I../../standalone_bsp_0/ps7_cortexa9_0/include -MMD -MP -MF"src/lab2.d" -MT"src/lab2.d" -o "src/lab2.o" "../src/lab2.c"
In file included from ../src/xutil.h:112:0,
                 from ../src/lab2.c:3:
../../standalone_bsp_0/ps7_cortexa9_0/include/xbasic_types.h:115:2: warning: #warning The xbasics_type.h file is deprecated and users should use xil_types.h and xil_assert. [-Wcpp]
 #warning  The xbasics_type.h file is deprecated and users should use xil_types.h and xil_assert.
  ^
../../standalone_bsp_0/ps7_cortexa9_0/include/xbasic_types.h:116:2: warning: #warning Please refer the Standalone BSP UG647 for further details [-Wcpp]
 #warning  Please refer the Standalone BSP UG647 for further details
  ^
../src/lab2.c: In function 'Initial':
../src/lab2.c:226:2: warning: implicit declaration of function 'show_string' [-Wimplicit-function-declaration]
  show_string(7,0,"      SH",&b,&s);
  ^
../src/lab2.c:234:2: warning: implicit declaration of function 'show_number' [-Wimplicit-function-declaration]
  show_number(0,12,Score,&b,&s);
  ^
../src/lab2.c:280:4: warning: implicit declaration of function 'display_once' [-Wimplicit-function-declaration]
    display_once(GameMapBit,&s);
    ^
../src/lab2.c: At top level:
../src/lab2.c:562:6: warning: conflicting types for 'display_once'
 void display_once(u32 mypicture[], XGpio *nn)
      ^
../src/lab2.c:280:4: note: previous implicit declaration of 'display_once' was here
    display_once(GameMapBit,&s);
    ^
../src/lab2.c:1159:6: warning: conflicting types for 'show_string'
 void show_string(unsigned char p, unsigned char l,char  *string, XGpio *b,XGpio *s)   //ÔÚµÚpÒ³µÄlÁÐ
      ^
../src/lab2.c:226:2: note: previous implicit declaration of 'show_string' was here
  show_string(7,0,"      SH",&b,&s);
  ^
../src/lab2.c:1171:6: warning: conflicting types for 'show_number'
 void show_number(unsigned char p, unsigned char l,unsigned int d, XGpio *b,XGpio *s)   //ÔÚµÚpÒ³µÄlÁÐ
      ^
../src/lab2.c:234:2: note: previous implicit declaration of 'show_number' was here
  show_number(0,12,Score,&b,&s);
  ^
'Finished building: ../src/lab2.c'
' '
'Building target: TestApp2.elf'
'Invoking: ARM gcc linker'
arm-xilinx-eabi-gcc -Wl,-T -Wl,../src/lscript.ld -L../../standalone_bsp_0/ps7_cortexa9_0/lib -o "TestApp2.elf"  ./src/lab2.o   -Wl,--start-group,-lxil,-lgcc,-lc,--end-group
'Finished building target: TestApp2.elf'
' '
'Invoking: ARM Print Size'
arm-xilinx-eabi-size TestApp2.elf  |tee "TestApp2.elf.size"
   text	   data	    bss	    dec	    hex	filename
  43336	   2272	  23780	  69388	  10f0c	TestApp2.elf
'Finished building: TestApp2.elf.size'
' '
20:08:07 **** Incremental Build of configuration Debug for project TestApp2 ****
make all 
make: Nothing to be done for `all'.
20:11:07 **** Auto Build of configuration Debug for project TestApp2 ****
make all 
'Building file: ../src/lab2.c'
'Invoking: ARM gcc compiler'
arm-xilinx-eabi-gcc -Wall -O0 -g3 -c -fmessage-length=0 -MT"src/lab2.o" -I../../standalone_bsp_0/ps7_cortexa9_0/include -MMD -MP -MF"src/lab2.d" -MT"src/lab2.d" -o "src/lab2.o" "../src/lab2.c"
In file included from ../src/xutil.h:112:0,
                 from ../src/lab2.c:3:
../../standalone_bsp_0/ps7_cortexa9_0/include/xbasic_types.h:115:2: warning: #warning The xbasics_type.h file is deprecated and users should use xil_types.h and xil_assert. [-Wcpp]
 #warning  The xbasics_type.h file is deprecated and users should use xil_types.h and xil_assert.
  ^
../../standalone_bsp_0/ps7_cortexa9_0/include/xbasic_types.h:116:2: warning: #warning Please refer the Standalone BSP UG647 for further details [-Wcpp]
 #warning  Please refer the Standalone BSP UG647 for further details
  ^
../src/lab2.c: In function 'Initial':
../src/lab2.c:226:2: warning: implicit declaration of function 'show_string' [-Wimplicit-function-declaration]
  show_string(7,0,"      SH",&b,&s);
  ^
../src/lab2.c:234:2: warning: implicit declaration of function 'show_number' [-Wimplicit-function-declaration]
  show_number(0,12,Score,&b,&s);
  ^
../src/lab2.c:280:4: warning: implicit declaration of function 'display_once' [-Wimplicit-function-declaration]
    display_once(GameMapBit,&s);
    ^
../src/lab2.c: At top level:
../src/lab2.c:562:6: warning: conflicting types for 'display_once'
 void display_once(u32 mypicture[], XGpio *nn)
      ^
../src/lab2.c:280:4: note: previous implicit declaration of 'display_once' was here
    display_once(GameMapBit,&s);
    ^
../src/lab2.c:1159:6: warning: conflicting types for 'show_string'
 void show_string(unsigned char p, unsigned char l,char  *string, XGpio *b,XGpio *s)   //ÔÚµÚpÒ³µÄlÁÐ
      ^
../src/lab2.c:226:2: note: previous implicit declaration of 'show_string' was here
  show_string(7,0,"      SH",&b,&s);
  ^
../src/lab2.c:1171:6: warning: conflicting types for 'show_number'
 void show_number(unsigned char p, unsigned char l,unsigned int d, XGpio *b,XGpio *s)   //ÔÚµÚpÒ³µÄlÁÐ
      ^
../src/lab2.c:234:2: note: previous implicit declaration of 'show_number' was here
  show_number(0,12,Score,&b,&s);
  ^
'Finished building: ../src/lab2.c'
' '
'Building target: TestApp2.elf'
'Invoking: ARM gcc linker'
arm-xilinx-eabi-gcc -Wl,-T -Wl,../src/lscript.ld -L../../standalone_bsp_0/ps7_cortexa9_0/lib -o "TestApp2.elf"  ./src/lab2.o   -Wl,--start-group,-lxil,-lgcc,-lc,--end-group
'Finished building target: TestApp2.elf'
' '
'Invoking: ARM Print Size'
arm-xilinx-eabi-size TestApp2.elf  |tee "TestApp2.elf.size"
   text	   data	    bss	    dec	    hex	filename
  43336	   2272	  23780	  69388	  10f0c	TestApp2.elf
'Finished building: TestApp2.elf.size'
' '
20:21:47 **** Incremental Build of configuration Debug for project TestApp2 ****
make all 
make: Nothing to be done for `all'.
20:22:55 **** Incremental Build of configuration Debug for project TestApp2 ****
make all 
make: Nothing to be done for `all'.
20:24:30 **** Incremental Build of configuration Debug for project TestApp2 ****
make all 
make: Nothing to be done for `all'.
20:36:33 **** Incremental Build of configuration Debug for project TestApp2 ****
make all 
make: Nothing to be done for `all'.
20:38:52 **** Incremental Build of configuration Debug for project TestApp2 ****
make all 
make: Nothing to be done for `all'.
20:39:07 **** Incremental Build of configuration Debug for project TestApp2 ****
make all 
make: Nothing to be done for `all'.
20:39:45 **** Incremental Build of configuration Debug for project TestApp2 ****
make all 
make: Nothing to be done for `all'.
20:41:47 **** Incremental Build of configuration Debug for project TestApp2 ****
make all 
make: Nothing to be done for `all'.
20:42:22 **** Incremental Build of configuration Debug for project TestApp2 ****
make all 
make: Nothing to be done for `all'.
20:44:53 **** Auto Build of configuration Debug for project TestApp2 ****
make all 
'Building file: ../src/lab2.c'
'Invoking: ARM gcc compiler'
arm-xilinx-eabi-gcc -Wall -O0 -g3 -c -fmessage-length=0 -MT"src/lab2.o" -I../../standalone_bsp_0/ps7_cortexa9_0/include -MMD -MP -MF"src/lab2.d" -MT"src/lab2.d" -o "src/lab2.o" "../src/lab2.c"
In file included from ../src/xutil.h:112:0,
                 from ../src/lab2.c:3:
../../standalone_bsp_0/ps7_cortexa9_0/include/xbasic_types.h:115:2: warning: #warning The xbasics_type.h file is deprecated and users should use xil_types.h and xil_assert. [-Wcpp]
 #warning  The xbasics_type.h file is deprecated and users should use xil_types.h and xil_assert.
  ^
../../standalone_bsp_0/ps7_cortexa9_0/include/xbasic_types.h:116:2: warning: #warning Please refer the Standalone BSP UG647 for further details [-Wcpp]
 #warning  Please refer the Standalone BSP UG647 for further details
  ^
../src/lab2.c: In function 'Initial':
../src/lab2.c:226:2: warning: implicit declaration of function 'show_string' [-Wimplicit-function-declaration]
  show_string(7,0,"      SH",&b,&s);
  ^
../src/lab2.c:234:2: warning: implicit declaration of function 'show_number' [-Wimplicit-function-declaration]
  show_number(0,12,Score,&b,&s);
  ^
../src/lab2.c:280:4: warning: implicit declaration of function 'display_once' [-Wimplicit-function-declaration]
    display_once(GameMapBit,&s);
    ^
../src/lab2.c: At top level:
../src/lab2.c:562:6: warning: conflicting types for 'display_once'
 void display_once(u32 mypicture[], XGpio *nn)
      ^
../src/lab2.c:280:4: note: previous implicit declaration of 'display_once' was here
    display_once(GameMapBit,&s);
    ^
../src/lab2.c:1159:6: warning: conflicting types for 'show_string'
 void show_string(unsigned char p, unsigned char l,char  *string, XGpio *b,XGpio *s)   //ÔÚµÚpÒ³µÄlÁÐ
      ^
../src/lab2.c:226:2: note: previous implicit declaration of 'show_string' was here
  show_string(7,0,"      SH",&b,&s);
  ^
../src/lab2.c:1171:6: warning: conflicting types for 'show_number'
 void show_number(unsigned char p, unsigned char l,unsigned int d, XGpio *b,XGpio *s)   //ÔÚµÚpÒ³µÄlÁÐ
      ^
../src/lab2.c:234:2: note: previous implicit declaration of 'show_number' was here
  show_number(0,12,Score,&b,&s);
  ^
'Finished building: ../src/lab2.c'
' '
'Building target: TestApp2.elf'
'Invoking: ARM gcc linker'
arm-xilinx-eabi-gcc -Wl,-T -Wl,../src/lscript.ld -L../../standalone_bsp_0/ps7_cortexa9_0/lib -o "TestApp2.elf"  ./src/lab2.o   -Wl,--start-group,-lxil,-lgcc,-lc,--end-group
'Finished building target: TestApp2.elf'
' '
'Invoking: ARM Print Size'
arm-xilinx-eabi-size TestApp2.elf  |tee "TestApp2.elf.size"
   text	   data	    bss	    dec	    hex	filename
  43336	   2272	  23780	  69388	  10f0c	TestApp2.elf
'Finished building: TestApp2.elf.size'
' '
20:45:47 **** Incremental Build of configuration Debug for project TestApp2 ****
make all 
make: Nothing to be done for `all'.
23:22:47 **** Auto Build of configuration Debug for project TestApp2 ****
make all 
'Building file: ../src/lab2.c'
'Invoking: ARM gcc compiler'
arm-xilinx-eabi-gcc -Wall -O0 -g3 -c -fmessage-length=0 -MT"src/lab2.o" -I../../standalone_bsp_0/ps7_cortexa9_0/include -MMD -MP -MF"src/lab2.d" -MT"src/lab2.d" -o "src/lab2.o" "../src/lab2.c"
In file included from ../src/xutil.h:112:0,
                 from ../src/lab2.c:3:
../../standalone_bsp_0/ps7_cortexa9_0/include/xbasic_types.h:115:2: warning: #warning The xbasics_type.h file is deprecated and users should use xil_types.h and xil_assert. [-Wcpp]
 #warning  The xbasics_type.h file is deprecated and users should use xil_types.h and xil_assert.
  ^
../../standalone_bsp_0/ps7_cortexa9_0/include/xbasic_types.h:116:2: warning: #warning Please refer the Standalone BSP UG647 for further details [-Wcpp]
 #warning  Please refer the Standalone BSP UG647 for further details
  ^
../src/lab2.c: In function 'Initial':
../src/lab2.c:226:2: warning: implicit declaration of function 'show_string' [-Wimplicit-function-declaration]
  show_string(7,0,"      SH",&b,&s);
  ^
../src/lab2.c:234:2: warning: implicit declaration of function 'show_number' [-Wimplicit-function-declaration]
  show_number(0,12,Score,&b,&s);
  ^
../src/lab2.c:280:4: warning: implicit declaration of function 'display_once' [-Wimplicit-function-declaration]
    display_once(GameMapBit,&s);
    ^
../src/lab2.c: At top level:
../src/lab2.c:562:6: warning: conflicting types for 'display_once'
 void display_once(u32 mypicture[], XGpio *nn)
      ^
../src/lab2.c:280:4: note: previous implicit declaration of 'display_once' was here
    display_once(GameMapBit,&s);
    ^
../src/lab2.c:1159:6: warning: conflicting types for 'show_string'
 void show_string(unsigned char p, unsigned char l,char  *string, XGpio *b,XGpio *s)   //ÔÚµÚpÒ³µÄlÁÐ
      ^
../src/lab2.c:226:2: note: previous implicit declaration of 'show_string' was here
  show_string(7,0,"      SH",&b,&s);
  ^
../src/lab2.c:1171:6: warning: conflicting types for 'show_number'
 void show_number(unsigned char p, unsigned char l,unsigned int d, XGpio *b,XGpio *s)   //ÔÚµÚpÒ³µÄlÁÐ
      ^
../src/lab2.c:234:2: note: previous implicit declaration of 'show_number' was here
  show_number(0,12,Score,&b,&s);
  ^
'Finished building: ../src/lab2.c'
' '
'Building target: TestApp2.elf'
'Invoking: ARM gcc linker'
arm-xilinx-eabi-gcc -Wl,-T -Wl,../src/lscript.ld -L../../standalone_bsp_0/ps7_cortexa9_0/lib -o "TestApp2.elf"  ./src/lab2.o   -Wl,--start-group,-lxil,-lgcc,-lc,--end-group
'Finished building target: TestApp2.elf'
' '
'Invoking: ARM Print Size'
arm-xilinx-eabi-size TestApp2.elf  |tee "TestApp2.elf.size"
   text	   data	    bss	    dec	    hex	filename
  43272	   2272	  23780	  69324	  10ecc	TestApp2.elf
'Finished building: TestApp2.elf.size'
' '
